Component: ARM Compiler 5.06 update 2 (build 183) Tool: armlink [4d35b7]

==============================================================================

Section Cross References

    startup_stm32f103xb.o(RESET) refers to startup_stm32f103xb.o(STACK) for __initial_sp
    startup_stm32f103xb.o(RESET) refers to startup_stm32f103xb.o(.text) for Reset_Handler
    startup_stm32f103xb.o(RESET) refers to stm32f1xx_it.o(i.NMI_Handler) for NMI_Handler
    startup_stm32f103xb.o(RESET) refers to stm32f1xx_it.o(i.HardFault_Handler) for HardFault_Handler
    startup_stm32f103xb.o(RESET) refers to stm32f1xx_it.o(i.MemManage_Handler) for MemManage_Handler
    startup_stm32f103xb.o(RESET) refers to stm32f1xx_it.o(i.BusFault_Handler) for BusFault_Handler
    startup_stm32f103xb.o(RESET) refers to stm32f1xx_it.o(i.UsageFault_Handler) for UsageFault_Handler
    startup_stm32f103xb.o(RESET) refers to stm32f1xx_it.o(i.SVC_Handler) for SVC_Handler
    startup_stm32f103xb.o(RESET) refers to stm32f1xx_it.o(i.DebugMon_Handler) for DebugMon_Handler
    startup_stm32f103xb.o(RESET) refers to stm32f1xx_it.o(i.PendSV_Handler) for PendSV_Handler
    startup_stm32f103xb.o(RESET) refers to stm32f1xx_it.o(i.SysTick_Handler) for SysTick_Handler
    startup_stm32f103xb.o(RESET) refers to stm32f1xx_it.o(i.EXTI4_IRQHandler) for EXTI4_IRQHandler
    startup_stm32f103xb.o(RESET) refers to stm32f1xx_it.o(i.USB_LP_CAN1_RX0_IRQHandler) for USB_LP_CAN1_RX0_IRQHandler
    startup_stm32f103xb.o(RESET) refers to stm32f1xx_it.o(i.TIM2_IRQHandler) for TIM2_IRQHandler
    startup_stm32f103xb.o(RESET) refers to stm32f1xx_it.o(i.I2C1_EV_IRQHandler) for I2C1_EV_IRQHandler
    startup_stm32f103xb.o(RESET) refers to stm32f1xx_it.o(i.I2C1_ER_IRQHandler) for I2C1_ER_IRQHandler
    startup_stm32f103xb.o(.text) refers to system_stm32f1xx.o(i.SystemInit) for SystemInit
    startup_stm32f103xb.o(.text) refers to entry.o(.ARM.Collect$$$$00000000) for __main
    main.o(i.HAL_TIM_PeriodElapsedCallback) refers to stm32f1xx_hal.o(i.HAL_IncTick) for HAL_IncTick
    main.o(i.HAL_TIM_PeriodElapsedCallback) refers to main.o(.data) for .data
    main.o(i.HAL_TIM_PeriodElapsedCallback) refers to can_hal.o(.data) for can_send_set_value
    main.o(i.SystemClock_Config) refers to memseta.o(.text) for __aeabi_memclr4
    main.o(i.SystemClock_Config) refers to stm32f1xx_hal_rcc.o(i.HAL_RCC_OscConfig) for HAL_RCC_OscConfig
    main.o(i.SystemClock_Config) refers to stm32f1xx_hal_rcc.o(i.HAL_RCC_ClockConfig) for HAL_RCC_ClockConfig
    main.o(i.fputc) refers to stm32f1xx_hal_uart.o(i.HAL_UART_Transmit) for HAL_UART_Transmit
    main.o(i.fputc) refers to usart.o(.bss) for huart1
    main.o(i.main) refers to stm32f1xx_hal.o(i.HAL_Init) for HAL_Init
    main.o(i.main) refers to main.o(i.SystemClock_Config) for SystemClock_Config
    main.o(i.main) refers to gpio.o(i.MX_GPIO_Init) for MX_GPIO_Init
    main.o(i.main) refers to i2c.o(i.MX_I2C1_Init) for MX_I2C1_Init
    main.o(i.main) refers to usart.o(i.MX_USART1_UART_Init) for MX_USART1_UART_Init
    main.o(i.main) refers to tim.o(i.MX_TIM1_Init) for MX_TIM1_Init
    main.o(i.main) refers to can.o(i.MX_CAN_Init) for MX_CAN_Init
    main.o(i.main) refers to bno085_app.o(i.BNO085_init) for BNO085_init
    main.o(i.main) refers to can_hal.o(i.USER_CAN_init) for USER_CAN_init
    main.o(i.main) refers to bno085_app.o(i.BNO085_service) for BNO085_service
    main.o(i.main) refers to can_hal.o(i.USER_CAN_TxMessage) for USER_CAN_TxMessage
    main.o(i.main) refers to main.o(.data) for .data
    main.o(i.main) refers to bno085_app.o(.data) for IMU_data
    gpio.o(i.MX_GPIO_Init) refers to stm32f1xx_hal_gpio.o(i.HAL_GPIO_WritePin) for HAL_GPIO_WritePin
    gpio.o(i.MX_GPIO_Init) refers to stm32f1xx_hal_gpio.o(i.HAL_GPIO_Init) for HAL_GPIO_Init
    gpio.o(i.MX_GPIO_Init) refers to stm32f1xx_hal_cortex.o(i.HAL_NVIC_SetPriority) for HAL_NVIC_SetPriority
    gpio.o(i.MX_GPIO_Init) refers to stm32f1xx_hal_cortex.o(i.HAL_NVIC_EnableIRQ) for HAL_NVIC_EnableIRQ
    i2c.o(i.HAL_I2C_MspDeInit) refers to stm32f1xx_hal_gpio.o(i.HAL_GPIO_DeInit) for HAL_GPIO_DeInit
    i2c.o(i.HAL_I2C_MspDeInit) refers to stm32f1xx_hal_cortex.o(i.HAL_NVIC_DisableIRQ) for HAL_NVIC_DisableIRQ
    i2c.o(i.HAL_I2C_MspInit) refers to stm32f1xx_hal_gpio.o(i.HAL_GPIO_Init) for HAL_GPIO_Init
    i2c.o(i.HAL_I2C_MspInit) refers to stm32f1xx_hal_cortex.o(i.HAL_NVIC_SetPriority) for HAL_NVIC_SetPriority
    i2c.o(i.HAL_I2C_MspInit) refers to stm32f1xx_hal_cortex.o(i.HAL_NVIC_EnableIRQ) for HAL_NVIC_EnableIRQ
    i2c.o(i.MX_I2C1_Init) refers to stm32f1xx_hal_i2c.o(i.HAL_I2C_Init) for HAL_I2C_Init
    i2c.o(i.MX_I2C1_Init) refers to main.o(i.Error_Handler) for Error_Handler
    i2c.o(i.MX_I2C1_Init) refers to i2c.o(.bss) for .bss
    tim.o(i.MX_TIM1_Init) refers to stm32f1xx_hal_tim.o(i.HAL_TIM_Base_Init) for HAL_TIM_Base_Init
    tim.o(i.MX_TIM1_Init) refers to main.o(i.Error_Handler) for Error_Handler
[...]
    i.finishCalStart                         0x08004a3a   Section        0  sh2.o(i.finishCalStart)
    finishCalStart                           0x08004a3b   Thumb Code     8  sh2.o(i.finishCalStart)
    i.forceFlushRx                           0x08004a42   Section        0  sh2.o(i.forceFlushRx)
    forceFlushRx                             0x08004a43   Thumb Code    28  sh2.o(i.forceFlushRx)
    i.forceFlushStart                        0x08004a5e   Section        0  sh2.o(i.forceFlushStart)
    forceFlushStart                          0x08004a5f   Thumb Code    34  sh2.o(i.forceFlushStart)
    i.fputc                                  0x08004a80   Section        0  main.o(i.fputc)
    i.getCalConfigRx                         0x08004a98   Section        0  sh2.o(i.getCalConfigRx)
    getCalConfigRx                           0x08004a99   Thumb Code    70  sh2.o(i.getCalConfigRx)
    i.getCalConfigStart                      0x08004ade   Section        0  sh2.o(i.getCalConfigStart)
    getCalConfigStart                        0x08004adf   Thumb Code    26  sh2.o(i.getCalConfigStart)
    i.getCountsRx                            0x08004af8   Section        0  sh2.o(i.getCountsRx)
    getCountsRx                              0x08004af9   Thumb Code    88  sh2.o(i.getCountsRx)
    i.getCountsStart                         0x08004b50   Section        0  sh2.o(i.getCountsStart)
    getCountsStart                           0x08004b51   Thumb Code    32  sh2.o(i.getCountsStart)
    i.getErrorsRx                            0x08004b70   Section        0  sh2.o(i.getErrorsRx)
    getErrorsRx                              0x08004b71   Thumb Code   130  sh2.o(i.getErrorsRx)
    i.getErrorsStart                         0x08004bf2   Section        0  sh2.o(i.getErrorsStart)
    getErrorsStart                           0x08004bf3   Thumb Code    16  sh2.o(i.getErrorsStart)
    i.getFrsRx                               0x08004c02   Section        0  sh2.o(i.getFrsRx)
    getFrsRx                                 0x08004c03   Thumb Code   182  sh2.o(i.getFrsRx)
    i.getFrsStart                            0x08004cb8   Section        0  sh2.o(i.getFrsStart)
    getFrsStart                              0x08004cb9   Thumb Code    48  sh2.o(i.getFrsStart)
    i.getOscTypeRx                           0x08004ce8   Section        0  sh2.o(i.getOscTypeRx)
    getOscTypeRx                             0x08004ce9   Thumb Code    34  sh2.o(i.getOscTypeRx)
    i.getOscTypeStart                        0x08004d0a   Section        0  sh2.o(i.getOscTypeStart)
    getOscTypeStart                          0x08004d0b   Thumb Code     6  sh2.o(i.getOscTypeStart)
    i.getProdIdRx                            0x08004d10   Section        0  sh2.o(i.getProdIdRx)
    getProdIdRx                              0x08004d11   Thumb Code   126  sh2.o(i.getProdIdRx)
    i.getProdIdStart                         0x08004d94   Section        0  sh2.o(i.getProdIdStart)
    getProdIdStart                           0x08004d95   Thumb Code    32  sh2.o(i.getProdIdStart)
    i.getReportLen                           0x08004db4   Section        0  sh2.o(i.getReportLen)
    getReportLen                             0x08004db5   Thumb Code    32  sh2.o(i.getReportLen)
    i.getSensorConfigRx                      0x08004dd4   Section        0  sh2.o(i.getSensorConfigRx)
    getSensorConfigRx                        0x08004dd5   Thumb Code    88  sh2.o(i.getSensorConfigRx)
    i.getSensorConfigStart                   0x08004e2c   Section        0  sh2.o(i.getSensorConfigStart)
    getSensorConfigStart                     0x08004e2d   Thumb Code    30  sh2.o(i.getSensorConfigStart)
    i.invSqrt                                0x08004e4c   Section        0  quaternion.o(i.invSqrt)
    i.main                                   0x08004e80   Section        0  main.o(i.main)
    i.opProcess                              0x08004ec8   Section        0  sh2.o(i.opProcess)
    opProcess                                0x08004ec9   Thumb Code   106  sh2.o(i.opProcess)
    i.opRx                                   0x08004f38   Section        0  sh2.o(i.opRx)
    opRx                                     0x08004f39   Thumb Code    18  sh2.o(i.opRx)
    i.printEvent                             0x08004f4c   Section        0  bno085_app.o(i.printEvent)
    printEvent                               0x08004f4d   Thumb Code   682  bno085_app.o(i.printEvent)
    i.processAdvertisement                   0x08005338   Section        0  shtp.o(i.processAdvertisement)
    processAdvertisement                     0x08005339   Thumb Code   408  shtp.o(i.processAdvertisement)
    i.read16                                 0x080054d0   Section        0  sh2_util.o(i.read16)
    i.read32                                 0x080054d6   Section        0  sh2_util.o(i.read32)
    i.readu16                                0x080054e0   Section        0  sh2_util.o(i.readu16)
    i.readu32                                0x080054e4   Section        0  sh2_util.o(i.readu32)
    i.readu8                                 0x080054ee   Section        0  sh2_util.o(i.readu8)
    i.reinitRx                               0x080054f2   Section        0  sh2.o(i.reinitRx)
    reinitRx                                 0x080054f3   Thumb Code    30  sh2.o(i.reinitRx)
    i.reinitStart                            0x08005510   Section        0  sh2.o(i.reinitStart)
    reinitStart                              0x08005511   Thumb Code     8  sh2.o(i.reinitStart)
    i.reportProdIds                          0x08005518   Section        0  bno085_app.o(i.reportProdIds)
    reportProdIds                            0x08005519   Thumb Code   112  bno085_app.o(i.reportProdIds)
    i.rstn                                   0x080055d8   Section        0  i2c_hal.o(i.rstn)
    rstn                                     0x080055d9   Thumb Code    12  i2c_hal.o(i.rstn)
    i.rxAssemble                             0x080055e8   Section        0  shtp.o(i.rxAssemble)
    rxAssemble                               0x080055e9   Thumb Code   300  shtp.o(i.rxAssemble)
    i.saveDcdNowRx                           0x08005714   Section        0  sh2.o(i.saveDcdNowRx)
    saveDcdNowRx                             0x08005715   Thumb Code    30  sh2.o(i.saveDcdNowRx)
    i.saveDcdNowStart                        0x08005732   Section        0  sh2.o(i.saveDcdNowStart)
    saveDcdNowStart                          0x08005733   Thumb Code     6  sh2.o(i.saveDcdNowStart)
    i.sendCmd                                0x08005738   Section        0  sh2.o(i.sendCmd)
    sendCmd                                  0x08005739   Thumb Code    68  sh2.o(i.sendCmd)
    i.sendCmd0                               0x0800577c   Section        0  sh2.o(i.sendCmd0)
    sendCmd0                                 0x0800577d   Thumb Code    18  sh2.o(i.sendCmd0)
    i.sendCmd1                               0x0800578e   Section        0  sh2.o(i.sendCmd1)
    sendCmd1                                 0x0800578f   Thumb Code    22  sh2.o(i.sendCmd1)
    i.sendCmdStart                           0x080057a4   Section        0  sh2.o(i.sendCmdStart)
    sendCmdStart                             0x080057a5   Thumb Code    24  sh2.o(i.sendCmdStart)
    i.sendCtrl                               0x080057bc   Section        0  sh2.o(i.sendCtrl)
    sendCtrl                                 0x080057bd   Thumb Code    18  sh2.o(i.sendCtrl)
    i.sensorHandler                          0x080057ce   Section        0  bno085_app.o(i.sensorHandler)
    sensorHandler                            0x080057cf   Thumb Code     6  bno085_app.o(i.sensorHandler)
    i.sensorhubAdvertHdlr                    0x080057d4   Section        0  sh2.o(i.sensorhubAdvertHdlr)
    sensorhubAdvertHdlr                      0x080057d5   Thumb Code   100  sh2.o(i.sensorhubAdvertHdlr)
    i.sensorhubControlHdlr                   0x08005860   Section        0  sh2.o(i.sensorhubControlHdlr)
    sensorhubControlHdlr                     0x08005861   Thumb Code   184  sh2.o(i.sensorhubControlHdlr)
    i.sensorhubInputGyroRvHdlr               0x0800591c   Section        0  sh2.o(i.sensorhubInputGyroRvHdlr)
    sensorhubInputGyroRvHdlr                 0x0800591d   Thumb Code    84  sh2.o(i.sensorhubInputGyroRvHdlr)
    i.sensorhubInputHdlr                     0x08005970   Section        0  sh2.o(i.sensorhubInputHdlr)
    sensorhubInputHdlr                       0x08005971   Thumb Code   224  sh2.o(i.sensorhubInputHdlr)
    i.sensorhubInputNormalHdlr               0x08005a54   Section        0  sh2.o(i.sensorhubInputNormalHdlr)
    sensorhubInputNormalHdlr                 0x08005a55   Thumb Code     4  sh2.o(i.sensorhubInputNormalHdlr)
    i.sensorhubInputWakeHdlr                 0x08005a58   Section        0  sh2.o(i.sensorhubInputWakeHdlr)
    sensorhubInputWakeHdlr                   0x08005a59   Thumb Code     4  sh2.o(i.sensorhubInputWakeHdlr)
    i.setCalConfigRx                         0x08005a5c   Section        0  sh2.o(i.setCalConfigRx)
    setCalConfigRx                           0x08005a5d   Thumb Code    30  sh2.o(i.setCalConfigRx)
    i.setCalConfigStart                      0x08005a7a   Section        0  sh2.o(i.setCalConfigStart)
    setCalConfigStart                        0x08005a7b   Thumb Code    64  sh2.o(i.setCalConfigStart)
    i.setFrsRx                               0x08005aba   Section        0  sh2.o(i.setFrsRx)
    setFrsRx                                 0x08005abb   Thumb Code   126  sh2.o(i.setFrsRx)
    i.setFrsStart                            0x08005b38   Section        0  sh2.o(i.setFrsStart)
    setFrsStart                              0x08005b39   Thumb Code    48  sh2.o(i.setFrsStart)
    i.setSensorConfigStart                   0x08005b68   Section        0  sh2.o(i.setSensorConfigStart)
    setSensorConfigStart                     0x08005b69   Thumb Code   112  sh2.o(i.setSensorConfigStart)
    i.sh2_decodeSensorEvent                  0x08005bd8   Section        0  sh2_sensorvalue.o(i.sh2_decodeSensorEvent)
    i.sh2_getProdIds                         0x08005df4   Section        0  sh2.o(i.sh2_getProdIds)
    i.sh2_hal_init                           0x08005e18   Section        0  i2c_hal.o(i.sh2_hal_init)
    i.sh2_i2c_hal_close                      0x08005e48   Section        0  i2c_hal.o(i.sh2_i2c_hal_close)
    sh2_i2c_hal_close                        0x08005e49   Thumb Code    40  i2c_hal.o(i.sh2_i2c_hal_close)
    i.sh2_i2c_hal_getTimeUs                  0x08005e7c   Section        0  i2c_hal.o(i.sh2_i2c_hal_getTimeUs)
    sh2_i2c_hal_getTimeUs                    0x08005e7d   Thumb Code     4  i2c_hal.o(i.sh2_i2c_hal_getTimeUs)
    i.sh2_i2c_hal_open                       0x08005e80   Section        0  i2c_hal.o(i.sh2_i2c_hal_open)
    sh2_i2c_hal_open                         0x08005e81   Thumb Code   124  i2c_hal.o(i.sh2_i2c_hal_open)
    i.sh2_i2c_hal_read                       0x08005f04   Section        0  i2c_hal.o(i.sh2_i2c_hal_read)
    sh2_i2c_hal_read                         0x08005f05   Thumb Code   106  i2c_hal.o(i.sh2_i2c_hal_read)
    i.sh2_i2c_hal_write                      0x08005f7c   Section        0  i2c_hal.o(i.sh2_i2c_hal_write)
    sh2_i2c_hal_write                        0x08005f7d   Thumb Code    94  i2c_hal.o(i.sh2_i2c_hal_write)
    i.sh2_open                               0x08005fe8   Section        0  sh2.o(i.sh2_open)
    i.sh2_service                            0x08006118   Section        0  sh2.o(i.sh2_service)
    i.sh2_setSensorCallback                  0x08006124   Section        0  sh2.o(i.sh2_setSensorCallback)
    i.sh2_setSensorConfig                    0x08006134   Section        0  sh2.o(i.sh2_setSensorConfig)
    i.shtpAdvertHdlr                         0x0800615c   Section        0  shtp.o(i.shtpAdvertHdlr)
    shtpAdvertHdlr                           0x0800615d   Thumb Code    36  shtp.o(i.shtpAdvertHdlr)
    i.shtpCmdListener                        0x08006180   Section        0  shtp.o(i.shtpCmdListener)
    shtpCmdListener                          0x08006181   Thumb Code    20  shtp.o(i.shtpCmdListener)
    i.shtpEventCallback                      0x08006194   Section        0  sh2.o(i.shtpEventCallback)
    shtpEventCallback                        0x08006195   Thumb Code    30  sh2.o(i.shtpEventCallback)
    i.shtp_chanNo                            0x080061bc   Section        0  shtp.o(i.shtp_chanNo)
    i.shtp_listenAdvert                      0x0800622c   Section        0  shtp.o(i.shtp_listenAdvert)
    i.shtp_listenChan                        0x08006262   Section        0  shtp.o(i.shtp_listenChan)
    i.shtp_open                              0x080062c8   Section        0  shtp.o(i.shtp_open)
    i.shtp_send                              0x08006360   Section        0  shtp.o(i.shtp_send)
    i.shtp_service                           0x08006388   Section        0  shtp.o(i.shtp_service)
    i.shtp_setEventCallback                  0x080063d8   Section        0  shtp.o(i.shtp_setEventCallback)
    i.sqrtf                                  0x080063de   Section        0  sqrtf.o(i.sqrtf)
    i.startCalRx                             0x0800640a   Section        0  sh2.o(i.startCalRx)
    startCalRx                               0x0800640b   Thumb Code    22  sh2.o(i.startCalRx)
    i.startCalStart                          0x08006420   Section        0  sh2.o(i.startCalStart)
    startCalStart                            0x08006421   Thumb Code    62  sh2.o(i.startCalStart)
    i.startReports                           0x08006460   Section        0  bno085_app.o(i.startReports)
    startReports                             0x08006461   Thumb Code    56  bno085_app.o(i.startReports)
    i.timeNowUs                              0x080064c4   Section        0  i2c_hal.o(i.timeNowUs)
    timeNowUs                                0x080064c5   Thumb Code     8  i2c_hal.o(i.timeNowUs)
    i.txProcess                              0x080064d0   Section        0  shtp.o(i.txProcess)
    txProcess                                0x080064d1   Thumb Code   164  shtp.o(i.txProcess)
    i.updateCallbacks                        0x08006574   Section        0  shtp.o(i.updateCallbacks)
    updateCallbacks                          0x08006575   Thumb Code   132  shtp.o(i.updateCallbacks)
    i.vApp_CAN_Configuration                 0x080065f8   Section        0  can_hal.o(i.vApp_CAN_Configuration)
    i.vApp_CAN_Filter_Init                   0x08006678   Section        0  can_hal.o(i.vApp_CAN_Filter_Init)
    i.vApp_CAN_TxHeader_Init                 0x080066a4   Section        0  can_hal.o(i.vApp_CAN_TxHeader_Init)
    i.vApp_CAN_TxMessage                     0x080066b4   Section        0  can_hal.o(i.vApp_CAN_TxMessage)
    i.wrongResponse                          0x080066ec   Section        0  sh2.o(i.wrongResponse)
    wrongResponse                            0x080066ed   Thumb Code    34  sh2.o(i.wrongResponse)
    .constdata                               0x0800670e   Section       16  system_stm32f1xx.o(.constdata)
    .constdata                               0x0800671e   Section        8  system_stm32f1xx.o(.constdata)
    .constdata                               0x08006728   Section        4  bno085_app.o(.constdata)
    enabledSensors                           0x08006728   Data           4  bno085_app.o(.constdata)
    .constdata                               0x0800672c   Section      320  sh2.o(.constdata)
    sensorToRecordMap                        0x0800675c   Data         128  sh2.o(.constdata)
    .constdata                               0x0800686c   Section        2  shtp.o(.constdata)
    advertise                                0x0800686c   Data           2  shtp.o(.constdata)
    .conststring                             0x08006870   Section      160  bno085_app.o(.conststring)
    .data                                    0x20000000   Section        4  main.o(.data)
    .data                                    0x20000004   Section       12  stm32f1xx_hal.o(.data)
    .data                                    0x20000010   Section        4  system_stm32f1xx.o(.data)
    .data                                    0x20000014   Section       20  i2c_hal.o(.data)
    isOpen                                   0x20000014   Data           1  i2c_hal.o(.data)
    rxDataReady                              0x20000016   Data           1  i2c_hal.o(.data)
    inReset                                  0x20000017   Data           1  i2c_hal.o(.data)
    payloadLen                               0x20000018   Data           2  i2c_hal.o(.data)
    i2cAddr                                  0x2000001a   Data           2  i2c_hal.o(.data)
    discards                                 0x2000001c   Data           4  i2c_hal.o(.data)
    rxBufLen                                 0x20000024   Data           4  i2c_hal.o(.data)
    .data                                    0x20000028   Section       12  quaternion.o(.data)
    .data                                    0x20000034   Section       12  can_hal.o(.data)
    .data                                    0x20000040   Section       20  bno085_app.o(.data)
    skip                                     0x20000048   Data           4  bno085_app.o(.data)
    .data                                    0x20000054   Section        8  sh2.o(.data)
    lastHostInt                              0x20000054   Data           4  sh2.o(.data)
    rollovers                                0x20000058   Data           4  sh2.o(.data)
    .data                                    0x2000005c   Section        1  shtp.o(.data)
    shtp_initialized                         0x2000005c   Data           1  shtp.o(.data)
    .data                                    0x20000060   Section        4  stdout.o(.data)
    .data                                    0x20000064   Section        4  errno.o(.data)
    _errno                                   0x20000064   Data           4  errno.o(.data)
    .bss                                     0x20000068   Section       84  i2c.o(.bss)
    .bss                                     0x200000bc   Section       64  tim.o(.bss)
    .bss                                     0x200000fc   Section       64  usart.o(.bss)
    .bss                                     0x2000013c   Section       64  stm32f1xx_hal_timebase_tim.o(.bss)
    .bss                                     0x2000017c   Section       40  can.o(.bss)
    .bss                                     0x200001a4   Section      660  i2c_hal.o(.bss)
    rxBuf                                    0x200001a4   Data         384  i2c_hal.o(.bss)
    txBuf                                    0x20000324   Data         256  i2c_hal.o(.bss)
    sh2Hal                                   0x20000424   Data          20  i2c_hal.o(.bss)
    .bss                                     0x20000438   Section       92  can_hal.o(.bss)
    .bss                                     0x20000494   Section      120  bno085_app.o(.bss)
    config                                   0x20000494   Data          20  bno085_app.o(.bss)
    .bss                                     0x2000050c   Section      536  sh2.o(.bss)
    sh2AsyncEvent                            0x20000708   Data          28  sh2.o(.bss)
    .bss                                     0x20000724   Section     2100  shtp.o(.bss)
    instances                                0x20000724   Data        2100  shtp.o(.bss)
    STACK                                    0x20000f58   Section     1024  startup_stm32f103xb.o(STACK)

    Global Symbols

    Symbol Name                              Value     Ov Type        Size  Object(Section)

    BuildAttributes$$THM_ISAv4$P$D$K$B$S$PE$A:L22UL41UL21$X:L11$S22US41US21$IEEE1$IW$USESV6$~STKCKD$USESV7$~SHL$OTIME$ROPI$IEEEX$EBA8$MICROLIB$REQ8$PRES8$EABIv2 0x00000000   Number         0  anon$$obj.o ABSOLUTE
    __ARM_use_no_argv                        0x00000000   Number         0  main.o ABSOLUTE
    _printf_a                                0x00000000   Number         0  stubs.o ABSOLUTE
    _printf_c                                0x00000000   Number         0  stubs.o ABSOLUTE
    _printf_charcount                        0x00000000   Number         0  stubs.o ABSOLUTE
    _printf_d                                0x00000000   Number         0  stubs.o ABSOLUTE
    _printf_e                                0x00000000   Number         0  stubs.o ABSOLUTE
    _printf_f                                0x00000000   Number         0  stubs.o ABSOLUTE
    _printf_flags                            0x00000000   Number         0  stubs.o ABSOLUTE
    _printf_fp_dec                           0x00000000   Number         0  stubs.o ABSOLUTE
    _printf_fp_hex                           0x00000000   Number         0  stubs.o ABSOLUTE
    _printf_g                                0x00000000   Number         0  stubs.o ABSOLUTE
    _printf_i                                0x00000000   Number         0  stubs.o ABSOLUTE
    _printf_int_dec                          0x00000000   Number         0  stubs.o ABSOLUTE
    _printf_l                                0x00000000   Number         0  stubs.o ABSOLUTE
    _printf_lc                               0x00000000   Number         0  stubs.o ABSOLUTE
    _printf_ll                               0x00000000   Number         0  stubs.o ABSOLUTE
    _printf_lld                              0x00000000   Number         0  stubs.o ABSOLUTE
    _printf_lli                              0x00000000   Number         0  stubs.o ABSOLUTE
    _printf_llo                              0x00000000   Number         0  stubs.o ABSOLUTE
    _printf_llu                              0x00000000   Number         0  stubs.o ABSOLUTE
    _printf_llx                              0x00000000   Number         0  stubs.o ABSOLUTE
    _printf_longlong_dec                     0x00000000   Number         0  stubs.o ABSOLUTE
    _printf_longlong_hex                     0x00000000   Number         0  stubs.o ABSOLUTE
    _printf_longlong_oct                     0x00000000   Number         0  stubs.o ABSOLUTE
    _printf_ls                               0x00000000   Number         0  stubs.o ABSOLUTE
    _printf_mbtowc                           0x00000000   Number         0  stubs.o ABSOLUTE
    _printf_n                                0x00000000   Number         0  stubs.o ABSOLUTE
    _printf_o                                0x00000000   Number         0  stubs.o ABSOLUTE
    _printf_p                                0x00000000   Number         0  stubs.o ABSOLUTE
    _printf_percent                          0x00000000   Number         0  stubs.o ABSOLUTE
    _printf_pre_padding                      0x00000000   Number         0  stubs.o ABSOLUTE
    _printf_return_value                     0x00000000   Number         0  stubs.o ABSOLUTE
    _printf_s                                0x00000000   Number         0  stubs.o ABSOLUTE
    _printf_sizespec                         0x00000000   Number         0  stubs.o ABSOLUTE
    _printf_str                              0x00000000   Number         0  stubs.o ABSOLUTE
    _printf_truncate_signed                  0x00000000   Number         0  stubs.o ABSOLUTE
    _printf_truncate_unsigned                0x00000000   Number         0  stubs.o ABSOLUTE
    _printf_u                                0x00000000   Number         0  stubs.o ABSOLUTE
    _printf_wc                               0x00000000   Number         0  stubs.o ABSOLUTE
    _printf_wctomb                           0x00000000   Number         0  stubs.o ABSOLUTE
    _printf_widthprec                        0x00000000   Number         0  stubs.o ABSOLUTE
    _printf_x                                0x00000000   Number         0  stubs.o ABSOLUTE
    __cpp_initialize__aeabi_                  - Undefined Weak Reference
    __cxa_finalize                            - Undefined Weak Reference
    __decompress                              - Undefined Weak Reference
    _clock_init                               - Undefined Weak Reference
    _microlib_exit                            - Undefined Weak Reference
    __Vectors_Size                           0x000000ec   Number         0  startup_stm32f103xb.o ABSOLUTE
    __Vectors                                0x08000000   Data           4  startup_stm32f103xb.o(RESET)
    __Vectors_End                            0x080000ec   Data           0  startup_stm32f103xb.o(RESET)
    __main                                   0x080000ed   Thumb Code     0  entry.o(.ARM.Collect$$$$00000000)
    _main_stk                                0x080000ed   Thumb Code     0  entry2.o(.ARM.Collect$$$$00000001)
    _main_scatterload                        0x080000f1   Thumb Code     0  entry5.o(.ARM.Collect$$$$00000004)
    __main_after_scatterload                 0x080000f5   Thumb Code     0  entry5.o(.ARM.Collect$$$$00000004)
    _main_clock                              0x080000f5   Thumb Code     0  entry7b.o(.ARM.Collect$$$$00000008)
    _main_cpp_init                           0x080000f5   Thumb Code     0  entry8b.o(.ARM.Collect$$$$0000000A)
    _main_init                               0x080000f5   Thumb Code     0  entry9a.o(.ARM.Collect$$$$0000000B)
    __rt_final_cpp                           0x080000fd   Thumb Code     0  entry10a.o(.ARM.Collect$$$$0000000D)
    __rt_final_exit                          0x080000fd   Thumb Code     0  entry11a.o(.ARM.Collect$$$$0000000F)
    Reset_Handler                            0x08000101   Thumb Code     8  startup_stm32f103xb.o(.text)
    ADC1_2_IRQHandler                        0x0800011b   Thumb Code     0  startup_stm32f103xb.o(.text)
    CAN1_RX1_IRQHandler                      0x0800011b   Thumb Code     0  startup_stm32f103xb.o(.text)
    CAN1_SCE_IRQHandler                      0x0800011b   Thumb Code     0  startup_stm32f103xb.o(.text)
    DMA1_Channel1_IRQHandler                 0x0800011b   Thumb Code     0  startup_stm32f103xb.o(.text)
    DMA1_Channel2_IRQHandler                 0x0800011b   Thumb Code     0  startup_stm32f103xb.o(.text)
    DMA1_Channel3_IRQHandler                 0x0800011b   Thumb Code     0  startup_stm32f103xb.o(.text)
    DMA1_Channel4_IRQHandler                 0x0800011b   Thumb Code     0  startup_stm32f103xb.o(.text)
    DMA1_Channel5_IRQHandler                 0x0800011b   Thumb Code     0  startup_stm32f103xb.o(.text)
    DMA1_Channel6_IRQHandler                 0x0800011b   Thumb Code     0  startup_stm32f103xb.o(.text)
    DMA1_Channel7_IRQHandler                 0x0800011b   Thumb Code     0  startup_stm32f103xb.o(.text)
    EXTI0_IRQHandler                         0x0800011b   Thumb Code     0  startup_stm32f103xb.o(.text)
    EXTI15_10_IRQHandler                     0x0800011b   Thumb Code     0  startup_stm32f103xb.o(.text)
    EXTI1_IRQHandler                         0x0800011b   Thumb Code     0  startup_stm32f103xb.o(.text)
    EXTI2_IRQHandler                         0x0800011b   Thumb Code     0  startup_stm32f103xb.o(.text)
    EXTI3_IRQHandler                         0x0800011b   Thumb Code     0  startup_stm32f103xb.o(.text)
    EXTI9_5_IRQHandler                       0x0800011b   Thumb Code     0  startup_stm32f103xb.o(.text)
    FLASH_IRQHandler                         0x0800011b   Thumb Code     0  startup_stm32f103xb.o(.text)
    I2C2_ER_IRQHandler                       0x0800011b   Thumb Code     0  startup_stm32f103xb.o(.text)
    I2C2_EV_IRQHandler                       0x0800011b   Thumb Code     0  startup_stm32f103xb.o(.text)
    PVD_IRQHandler                           0x0800011b   Thumb Code     0  startup_stm32f103xb.o(.text)
    RCC_IRQHandler                           0x0800011b   Thumb Code     0  startup_stm32f103xb.o(.text)
    RTC_Alarm_IRQHandler                     0x0800011b   Thumb Code     0  startup_stm32f103xb.o(.text)
    RTC_IRQHandler                           0x0800011b   Thumb Code     0  startup_stm32f103xb.o(.text)
    SPI1_IRQHandler                          0x0800011b   Thumb Code     0  startup_stm32f103xb.o(.text)
    SPI2_IRQHandler                          0x0800011b   Thumb Code     0  startup_stm32f103xb.o(.text)
    TAMPER_IRQHandler                        0x0800011b   Thumb Code     0  startup_stm32f103xb.o(.text)
    TIM1_BRK_IRQHandler                      0x0800011b   Thumb Code     0  startup_stm32f103xb.o(.text)
    TIM1_CC_IRQHandler                       0x0800011b   Thumb Code     0  startup_stm32f103xb.o(.text)
    TIM1_TRG_COM_IRQHandler                  0x0800011b   Thumb Code     0  startup_stm32f103xb.o(.text)
    TIM1_UP_IRQHandler                       0x0800011b   Thumb Code     0  startup_stm32f103xb.o(.text)
    TIM3_IRQHandler                          0x0800011b   Thumb Code     0  startup_stm32f103xb.o(.text)
    TIM4_IRQHandler                          0x0800011b   Thumb Code     0  startup_stm32f103xb.o(.text)
    USART1_IRQHandler                        0x0800011b   Thumb Code     0  startup_stm32f103xb.o(.text)
    USART2_IRQHandler                        0x0800011b   Thumb Code     0  startup_stm32f103xb.o(.text)
    USART3_IRQHandler                        0x0800011b   Thumb Code     0  startup_stm32f103xb.o(.text)
    USBWakeUp_IRQHandler                     0x0800011b   Thumb Code     0  startup_stm32f103xb.o(.text)
    USB_HP_CAN1_TX_IRQHandler                0x0800011b   Thumb Code     0  startup_stm32f103xb.o(.text)
    WWDG_IRQHandler                          0x0800011b   Thumb Code     0  startup_stm32f103xb.o(.text)
    __aeabi_llsr                             0x08000125   Thumb Code    32  llushr.o(.text)
    _ll_ushift_r                             0x08000125   Thumb Code     0  llushr.o(.text)
    __aeabi_memcpy                           0x08000145   Thumb Code    36  memcpya.o(.text)
    __aeabi_memcpy4                          0x08000145   Thumb Code     0  memcpya.o(.text)
    __aeabi_memcpy8                          0x08000145   Thumb Code     0  memcpya.o(.text)
    __aeabi_memset                           0x08000169   Thumb Code    14  memseta.o(.text)
    __aeabi_memset4                          0x08000169   Thumb Code     0  memseta.o(.text)
    __aeabi_memset8                          0x08000169   Thumb Code     0  memseta.o(.text)
    __aeabi_memclr                           0x08000177   Thumb Code     4  memseta.o(.text)
    __aeabi_memclr4                          0x08000177   Thumb Code     0  memseta.o(.text)
    __aeabi_memclr8                          0x08000177   Thumb Code     0  memseta.o(.text)
    _memset$wrapper                          0x0800017b   Thumb Code    18  memseta.o(.text)
    strlen                                   0x0800018d   Thumb Code    14  strlen.o(.text)
    strcmp                                   0x0800019b   Thumb Code    28  strcmp.o(.text)
    strcpy                                   0x080001b7   Thumb Code    18  strcpy.o(.text)
    __aeabi_fadd                             0x080001c9   Thumb Code   164  fadd.o(.text)
    __aeabi_fsub                             0x0800026d   Thumb Code     6  fadd.o(.text)
    __aeabi_frsub                            0x08000273   Thumb Code     6  fadd.o(.text)
    __aeabi_fmul                             0x08000279   Thumb Code   100  fmul.o(.text)
    __ARM_scalbnf                            0x080002dd   Thumb Code    24  fscalb.o(.text)
    scalbnf                                  0x080002dd   Thumb Code     0  fscalb.o(.text)
    __aeabi_ddiv                             0x080002f5   Thumb Code   222  ddiv.o(.text)
    __aeabi_i2f                              0x080003d3   Thumb Code    18  fflti.o(.text)
    __aeabi_ul2d                             0x080003e5   Thumb Code    24  dfltul.o(.text)
    __aeabi_f2iz                             0x080003fd   Thumb Code    50  ffixi.o(.text)
    __aeabi_f2d                              0x0800042f   Thumb Code    38  f2d.o(.text)
    __aeabi_d2f                              0x08000455   Thumb Code    56  d2f.o(.text)
    __aeabi_uidiv                            0x0800048d   Thumb Code     0  uidiv.o(.text)
    __aeabi_uidivmod                         0x0800048d   Thumb Code    44  uidiv.o(.text)
    __aeabi_uldivmod                         0x080004b9   Thumb Code    98  uldiv.o(.text)
    __I$use$fp                               0x0800051b   Thumb Code     0  iusefp.o(.text)
    _float_round                             0x0800051b   Thumb Code    18  fepilogue.o(.text)
    _float_epilogue                          0x0800052d   Thumb Code    92  fepilogue.o(.text)
    __aeabi_fdiv                             0x08000589   Thumb Code   124  fdiv.o(.text)
    _double_round                            0x08000605   Thumb Code    30  depilogue.o(.text)
    _double_epilogue                         0x08000623   Thumb Code   156  depilogue.o(.text)
    __aeabi_dadd                             0x080006bf   Thumb Code   322  dadd.o(.text)
    __aeabi_dsub                             0x08000801   Thumb Code     6  dadd.o(.text)
    __aeabi_drsub                            0x08000807   Thumb Code     6  dadd.o(.text)
    __aeabi_dmul                             0x0800080d   Thumb Code   228  dmul.o(.text)
    __aeabi_d2ulz                            0x080008f1   Thumb Code    48  dfixul.o(.text)
    __aeabi_cdrcmple                         0x08000921   Thumb Code    48  cdrcmple.o(.text)
    __scatterload                            0x08000951   Thumb Code    28  init.o(.text)
    __scatterload_rt2                        0x08000951   Thumb Code     0  init.o(.text)
    __aeabi_llsl                             0x08000975   Thumb Code    30  llshl.o(.text)
    _ll_shift_l                              0x08000975   Thumb Code     0  llshl.o(.text)
    __aeabi_lasr                             0x08000993   Thumb Code    36  llsshr.o(.text)
    _ll_sshift_r                             0x08000993   Thumb Code     0  llsshr.o(.text)
    _fsqrt                                   0x080009b7   Thumb Code    94  fsqrt.o(.text)
    BNO085_init                              0x08000a15   Thumb Code    58  bno085_app.o(i.BNO085_init)
    BNO085_service                           0x08000a91   Thumb Code    24  bno085_app.o(i.BNO085_service)
    BusFault_Handler                         0x08000aad   Thumb Code     2  stm32f1xx_it.o(i.BusFault_Handler)
    DebugMon_Handler                         0x08000aaf   Thumb Code     2  stm32f1xx_it.o(i.DebugMon_Handler)
    EXTI4_IRQHandler                         0x08000ab1   Thumb Code     6  stm32f1xx_it.o(i.EXTI4_IRQHandler)
    Error_Handler                            0x08000ab7   Thumb Code     2  main.o(i.Error_Handler)
    HAL_CAN_ActivateNotification             0x08000ab9   Thumb Code    36  stm32f1xx_hal_can.o(i.HAL_CAN_ActivateNotification)
    HAL_CAN_AddTxMessage                     0x08000add   Thumb Code   200  stm32f1xx_hal_can.o(i.HAL_CAN_AddTxMessage)
    HAL_CAN_ConfigFilter                     0x08000ba5   Thumb Code   238  stm32f1xx_hal_can.o(i.HAL_CAN_ConfigFilter)
    HAL_CAN_ErrorCallback                    0x08000c93   Thumb Code     2  stm32f1xx_hal_can.o(i.HAL_CAN_ErrorCallback)
    HAL_CAN_GetRxMessage                     0x08000c95   Thumb Code   232  stm32f1xx_hal_can.o(i.HAL_CAN_GetRxMessage)
    HAL_CAN_IRQHandler                       0x08000d7d   Thumb Code   508  stm32f1xx_hal_can.o(i.HAL_CAN_IRQHandler)
    HAL_CAN_Init                             0x08000f79   Thumb Code   282  stm32f1xx_hal_can.o(i.HAL_CAN_Init)
    HAL_CAN_MspInit                          0x08001095   Thumb Code   112  can.o(i.HAL_CAN_MspInit)
    HAL_CAN_RxFifo0FullCallback              0x08001111   Thumb Code     2  stm32f1xx_hal_can.o(i.HAL_CAN_RxFifo0FullCallback)
    HAL_CAN_RxFifo0MsgPendingCallback        0x08001115   Thumb Code    58  can_hal.o(i.HAL_CAN_RxFifo0MsgPendingCallback)
    HAL_CAN_RxFifo1FullCallback              0x08001161   Thumb Code     2  stm32f1xx_hal_can.o(i.HAL_CAN_RxFifo1FullCallback)
    HAL_CAN_RxFifo1MsgPendingCallback        0x08001163   Thumb Code     2  stm32f1xx_hal_can.o(i.HAL_CAN_RxFifo1MsgPendingCallback)
    HAL_CAN_SleepCallback                    0x08001165   Thumb Code     2  stm32f1xx_hal_can.o(i.HAL_CAN_SleepCallback)
    HAL_CAN_Start                            0x08001169   Thumb Code    88  stm32f1xx_hal_can.o(i.HAL_CAN_Start)
    HAL_CAN_TxMailbox0AbortCallback          0x080011c1   Thumb Code     2  stm32f1xx_hal_can.o(i.HAL_CAN_TxMailbox0AbortCallback)
    HAL_CAN_TxMailbox0CompleteCallback       0x080011c3   Thumb Code     2  stm32f1xx_hal_can.o(i.HAL_CAN_TxMailbox0CompleteCallback)
    HAL_CAN_TxMailbox1AbortCallback          0x080011c5   Thumb Code     2  stm32f1xx_hal_can.o(i.HAL_CAN_TxMailbox1AbortCallback)
    HAL_CAN_TxMailbox1CompleteCallback       0x080011c7   Thumb Code     2  stm32f1xx_hal_can.o(i.HAL_CAN_TxMailbox1CompleteCallback)
    HAL_CAN_TxMailbox2AbortCallback          0x080011c9   Thumb Code     2  stm32f1xx_hal_can.o(i.HAL_CAN_TxMailbox2AbortCallback)
    HAL_CAN_TxMailbox2CompleteCallback       0x080011cb   Thumb Code     2  stm32f1xx_hal_can.o(i.HAL_CAN_TxMailbox2CompleteCallback)
    HAL_CAN_WakeUpFromRxMsgCallback          0x080011cd   Thumb Code     2  stm32f1xx_hal_can.o(i.HAL_CAN_WakeUpFromRxMsgCallback)
    HAL_DMA_Abort_IT                         0x080011d1   Thumb Code   148  stm32f1xx_hal_dma.o(i.HAL_DMA_Abort_IT)
    HAL_DMA_GetState                         0x08001269   Thumb Code     6  stm32f1xx_hal_dma.o(i.HAL_DMA_GetState)
    HAL_GPIO_DeInit                          0x08001271   Thumb Code   228  stm32f1xx_hal_gpio.o(i.HAL_GPIO_DeInit)
    HAL_GPIO_EXTI_Callback                   0x0800136d   Thumb Code    76  i2c_hal.o(i.HAL_GPIO_EXTI_Callback)
    HAL_GPIO_EXTI_IRQHandler                 0x080013c5   Thumb Code    18  stm32f1xx_hal_gpio.o(i.HAL_GPIO_EXTI_IRQHandler)
    HAL_GPIO_Init                            0x080013dd   Thumb Code   446  stm32f1xx_hal_gpio.o(i.HAL_GPIO_Init)
    HAL_GPIO_WritePin                        0x080015bd   Thumb Code    10  stm32f1xx_hal_gpio.o(i.HAL_GPIO_WritePin)
    HAL_GetTick                              0x080015c9   Thumb Code     6  stm32f1xx_hal.o(i.HAL_GetTick)
    HAL_I2C_AbortCpltCallback                0x080015d5   Thumb Code     2  stm32f1xx_hal_i2c.o(i.HAL_I2C_AbortCpltCallback)
    HAL_I2C_AddrCallback                     0x080015d7   Thumb Code     2  stm32f1xx_hal_i2c.o(i.HAL_I2C_AddrCallback)
    HAL_I2C_ER_IRQHandler                    0x080015d9   Thumb Code   196  stm32f1xx_hal_i2c.o(i.HAL_I2C_ER_IRQHandler)
    HAL_I2C_EV_IRQHandler                    0x0800169d   Thumb Code   602  stm32f1xx_hal_i2c.o(i.HAL_I2C_EV_IRQHandler)
    HAL_I2C_ErrorCallback                    0x080018f7   Thumb Code     2  stm32f1xx_hal_i2c.o(i.HAL_I2C_ErrorCallback)
    HAL_I2C_Init                             0x080018f9   Thumb Code   356  stm32f1xx_hal_i2c.o(i.HAL_I2C_Init)
    HAL_I2C_ListenCpltCallback               0x08001a6d   Thumb Code     2  stm32f1xx_hal_i2c.o(i.HAL_I2C_ListenCpltCallback)
    HAL_I2C_MasterRxCpltCallback             0x08001a71   Thumb Code    62  i2c_hal.o(i.HAL_I2C_MasterRxCpltCallback)
    HAL_I2C_MasterTxCpltCallback             0x08001ab9   Thumb Code    18  i2c_hal.o(i.HAL_I2C_MasterTxCpltCallback)
    HAL_I2C_Master_Receive_IT                0x08001ad1   Thumb Code   190  stm32f1xx_hal_i2c.o(i.HAL_I2C_Master_Receive_IT)
    HAL_I2C_Master_Transmit_IT               0x08001b99   Thumb Code   180  stm32f1xx_hal_i2c.o(i.HAL_I2C_Master_Transmit_IT)
    HAL_I2C_MemRxCpltCallback                0x08001c55   Thumb Code     2  stm32f1xx_hal_i2c.o(i.HAL_I2C_MemRxCpltCallback)
    HAL_I2C_MemTxCpltCallback                0x08001c57   Thumb Code     2  stm32f1xx_hal_i2c.o(i.HAL_I2C_MemTxCpltCallback)
    HAL_I2C_MspDeInit                        0x08001c59   Thumb Code    46  i2c.o(i.HAL_I2C_MspDeInit)
    HAL_I2C_MspInit                          0x08001c95   Thumb Code   112  i2c.o(i.HAL_I2C_MspInit)
    HAL_I2C_SlaveRxCpltCallback              0x08001d11   Thumb Code     2  stm32f1xx_hal_i2c.o(i.HAL_I2C_SlaveRxCpltCallback)
    HAL_I2C_SlaveTxCpltCallback              0x08001d13   Thumb Code     2  stm32f1xx_hal_i2c.o(i.HAL_I2C_SlaveTxCpltCallback)
    HAL_IncTick                              0x08001d15   Thumb Code    12  stm32f1xx_hal.o(i.HAL_IncTick)
    HAL_Init                                 0x08001d25   Thumb Code    32  stm32f1xx_hal.o(i.HAL_Init)
    HAL_InitTick                             0x08001d49   Thumb Code   102  stm32f1xx_hal_timebase_tim.o(i.HAL_InitTick)
    HAL_MspInit                              0x08001dbd   Thumb Code    52  stm32f1xx_hal_msp.o(i.HAL_MspInit)
    HAL_NVIC_DisableIRQ                      0x08001df9   Thumb Code    34  stm32f1xx_hal_cortex.o(i.HAL_NVIC_DisableIRQ)
    HAL_NVIC_EnableIRQ                       0x08001e1b   Thumb Code    26  stm32f1xx_hal_cortex.o(i.HAL_NVIC_EnableIRQ)
    HAL_NVIC_SetPriority                     0x08001e35   Thumb Code    60  stm32f1xx_hal_cortex.o(i.HAL_NVIC_SetPriority)
    HAL_NVIC_SetPriorityGrouping             0x08001e75   Thumb Code    26  stm32f1xx_hal_cortex.o(i.HAL_NVIC_SetPriorityGrouping)
    HAL_RCC_ClockConfig                      0x08001e99   Thumb Code   280  stm32f1xx_hal_rcc.o(i.HAL_RCC_ClockConfig)
    HAL_RCC_GetClockConfig                   0x08001fc5   Thumb Code    54  stm32f1xx_hal_rcc.o(i.HAL_RCC_GetClockConfig)
    HAL_RCC_GetPCLK1Freq                     0x08002005   Thumb Code    20  stm32f1xx_hal_rcc.o(i.HAL_RCC_GetPCLK1Freq)
    HAL_RCC_GetPCLK2Freq                     0x08002025   Thumb Code    20  stm32f1xx_hal_rcc.o(i.HAL_RCC_GetPCLK2Freq)
    HAL_RCC_GetSysClockFreq                  0x08002045   Thumb Code    74  stm32f1xx_hal_rcc.o(i.HAL_RCC_GetSysClockFreq)
    HAL_RCC_OscConfig                        0x080020b1   Thumb Code   778  stm32f1xx_hal_rcc.o(i.HAL_RCC_OscConfig)
    HAL_TIMEx_BreakCallback                  0x080023d1   Thumb Code     2  stm32f1xx_hal_tim_ex.o(i.HAL_TIMEx_BreakCallback)
    HAL_TIMEx_CommutCallback                 0x080023d3   Thumb Code     2  stm32f1xx_hal_tim_ex.o(i.HAL_TIMEx_CommutCallback)
    HAL_TIMEx_MasterConfigSynchronization    0x080023d5   Thumb Code    66  stm32f1xx_hal_tim_ex.o(i.HAL_TIMEx_MasterConfigSynchronization)
    HAL_TIM_Base_Init                        0x08002417   Thumb Code    54  stm32f1xx_hal_tim.o(i.HAL_TIM_Base_Init)
    HAL_TIM_Base_MspDeInit                   0x0800244d   Thumb Code    20  tim.o(i.HAL_TIM_Base_MspDeInit)
    HAL_TIM_Base_MspInit                     0x08002469   Thumb Code    30  tim.o(i.HAL_TIM_Base_MspInit)
    HAL_TIM_Base_Start                       0x08002491   Thumb Code    36  stm32f1xx_hal_tim.o(i.HAL_TIM_Base_Start)
    HAL_TIM_Base_Start_IT                    0x080024b5   Thumb Code    34  stm32f1xx_hal_tim.o(i.HAL_TIM_Base_Start_IT)
    HAL_TIM_ConfigClockSource                0x080024d7   Thumb Code   214  stm32f1xx_hal_tim.o(i.HAL_TIM_ConfigClockSource)
    HAL_TIM_IC_CaptureCallback               0x080025ad   Thumb Code     2  stm32f1xx_hal_tim.o(i.HAL_TIM_IC_CaptureCallback)
    HAL_TIM_IRQHandler                       0x080025af   Thumb Code   358  stm32f1xx_hal_tim.o(i.HAL_TIM_IRQHandler)
    HAL_TIM_OC_DelayElapsedCallback          0x08002715   Thumb Code     2  stm32f1xx_hal_tim.o(i.HAL_TIM_OC_DelayElapsedCallback)
    HAL_TIM_PWM_PulseFinishedCallback        0x08002717   Thumb Code     2  stm32f1xx_hal_tim.o(i.HAL_TIM_PWM_PulseFinishedCallback)
    HAL_TIM_PeriodElapsedCallback            0x08002719   Thumb Code    40  main.o(i.HAL_TIM_PeriodElapsedCallback)
    HAL_TIM_TriggerCallback                  0x08002749   Thumb Code     2  stm32f1xx_hal_tim.o(i.HAL_TIM_TriggerCallback)
    HAL_UART_Init                            0x0800274b   Thumb Code    98  stm32f1xx_hal_uart.o(i.HAL_UART_Init)
    HAL_UART_MspInit                         0x080027ad   Thumb Code   100  usart.o(i.HAL_UART_MspInit)
    HAL_UART_Transmit                        0x0800281d   Thumb Code   186  stm32f1xx_hal_uart.o(i.HAL_UART_Transmit)
    HardFault_Handler                        0x080028d7   Thumb Code     2  stm32f1xx_it.o(i.HardFault_Handler)
    I2C1_ER_IRQHandler                       0x080028d9   Thumb Code     6  stm32f1xx_it.o(i.I2C1_ER_IRQHandler)
    I2C1_EV_IRQHandler                       0x080028e5   Thumb Code     6  stm32f1xx_it.o(i.I2C1_EV_IRQHandler)
    MX_CAN_Init                              0x08003165   Thumb Code    60  can.o(i.MX_CAN_Init)
    MX_GPIO_Init                             0x080031a9   Thumb Code   200  gpio.o(i.MX_GPIO_Init)
    MX_I2C1_Init                             0x08003281   Thumb Code    50  i2c.o(i.MX_I2C1_Init)
    MX_TIM1_Init                             0x080032c1   Thumb Code   100  tim.o(i.MX_TIM1_Init)
    MX_USART1_UART_Init                      0x0800332d   Thumb Code    48  usart.o(i.MX_USART1_UART_Init)
    MemManage_Handler                        0x08003365   Thumb Code     2  stm32f1xx_it.o(i.MemManage_Handler)
    NMI_Handler                              0x08003367   Thumb Code     2  stm32f1xx_it.o(i.NMI_Handler)
    PendSV_Handler                           0x08003369   Thumb Code     2  stm32f1xx_it.o(i.PendSV_Handler)
    Quaternion_Update                        0x0800336d   Thumb Code   390  quaternion.o(i.Quaternion_Update)
    SVC_Handler                              0x0800350d   Thumb Code     2  stm32f1xx_it.o(i.SVC_Handler)
    SysTick_Handler                          0x0800350f   Thumb Code     2  stm32f1xx_it.o(i.SysTick_Handler)
    SystemClock_Config                       0x08003511   Thumb Code    78  main.o(i.SystemClock_Config)
    SystemInit                               0x08003561   Thumb Code    56  system_stm32f1xx.o(i.SystemInit)
    TIM2_IRQHandler                          0x080035a9   Thumb Code     6  stm32f1xx_it.o(i.TIM2_IRQHandler)
    TIM_Base_SetConfig                       0x080035b5   Thumb Code    94  stm32f1xx_hal_tim.o(i.TIM_Base_SetConfig)
    TIM_ETR_SetConfig                        0x08003621   Thumb Code    20  stm32f1xx_hal_tim.o(i.TIM_ETR_SetConfig)
    USB_LP_CAN1_RX0_IRQHandler               0x080037a9   Thumb Code     6  stm32f1xx_it.o(i.USB_LP_CAN1_RX0_IRQHandler)
    USER_CAN_TxMessage                       0x080037b5   Thumb Code    12  can_hal.o(i.USER_CAN_TxMessage)
    USER_CAN_init                            0x080037c9   Thumb Code    30  can_hal.o(i.USER_CAN_init)
    UsageFault_Handler                       0x080037f1   Thumb Code     2  stm32f1xx_it.o(i.UsageFault_Handler)
    __0printf                                0x080037f5   Thumb Code    22  printfa.o(i.__0printf)
    __1printf                                0x080037f5   Thumb Code     0  printfa.o(i.__0printf)
    __2printf                                0x080037f5   Thumb Code     0  printfa.o(i.__0printf)
    __c89printf                              0x080037f5   Thumb Code     0  printfa.o(i.__0printf)
    printf                                   0x080037f5   Thumb Code     0  printfa.o(i.__0printf)
    __ARM_fpclassifyf                        0x08003815   Thumb Code    38  fpclassifyf.o(i.__ARM_fpclassifyf)
    __mathlib_flt_infnan                     0x0800385b   Thumb Code     6  funder.o(i.__mathlib_flt_infnan)
    __mathlib_flt_infnan2                    0x08003861   Thumb Code     4  funder.o(i.__mathlib_flt_infnan2)
    __mathlib_flt_invalid                    0x08003865   Thumb Code     8  funder.o(i.__mathlib_flt_invalid)
    __mathlib_flt_underflow                  0x0800386d   Thumb Code    10  funder.o(i.__mathlib_flt_underflow)
    __scatterload_copy                       0x08003877   Thumb Code    14  handlers.o(i.__scatterload_copy)
    __scatterload_null                       0x08003885   Thumb Code     2  handlers.o(i.__scatterload_null)
    __scatterload_zeroinit                   0x08003887   Thumb Code    14  handlers.o(i.__scatterload_zeroinit)
    __set_errno                              0x08003895   Thumb Code     6  errno.o(i.__set_errno)
    asinf                                    0x080041bd   Thumb Code   254  asinf.o(i.asinf)
    atan2f                                   0x080042e1   Thumb Code   528  atan2f.o(i.atan2f)
    change_to_int16                          0x08004591   Thumb Code    74  bno085_app.o(i.change_to_int16)
    disableInts                              0x0800499f   Thumb Code    24  i2c_hal.o(i.disableInts)
    enableInts                               0x080049b7   Thumb Code    24  i2c_hal.o(i.enableInts)
    fputc                                    0x08004a81   Thumb Code    20  main.o(i.fputc)
    invSqrt                                  0x08004e4d   Thumb Code    48  quaternion.o(i.invSqrt)
    main                                     0x08004e81   Thumb Code    62  main.o(i.main)
    read16                                   0x080054d1   Thumb Code     6  sh2_util.o(i.read16)
    read32                                   0x080054d7   Thumb Code    10  sh2_util.o(i.read32)
    readu16                                  0x080054e1   Thumb Code     4  sh2_util.o(i.readu16)
    readu32                                  0x080054e5   Thumb Code    10  sh2_util.o(i.readu32)
    readu8                                   0x080054ef   Thumb Code     4  sh2_util.o(i.readu8)
    sh2_decodeSensorEvent                    0x08005bd9   Thumb Code   538  sh2_sensorvalue.o(i.sh2_decodeSensorEvent)
    sh2_getProdIds                           0x08005df5   Thumb Code    28  sh2.o(i.sh2_getProdIds)
    sh2_hal_init                             0x08005e19   Thumb Code    24  i2c_hal.o(i.sh2_hal_init)
    sh2_open                                 0x08005fe9   Thumb Code   212  sh2.o(i.sh2_open)
    sh2_service                              0x08006119   Thumb Code     8  sh2.o(i.sh2_service)
    sh2_setSensorCallback                    0x08006125   Thumb Code    10  sh2.o(i.sh2_setSensorCallback)
    sh2_setSensorConfig                      0x08006135   Thumb Code    32  sh2.o(i.sh2_setSensorConfig)
    shtp_chanNo                              0x080061bd   Thumb Code   112  shtp.o(i.shtp_chanNo)
    shtp_listenAdvert                        0x0800622d   Thumb Code    54  shtp.o(i.shtp_listenAdvert)
    shtp_listenChan                          0x08006263   Thumb Code   102  shtp.o(i.shtp_listenChan)
    shtp_open                                0x080062c9   Thumb Code   128  shtp.o(i.shtp_open)
    shtp_send                                0x08006361   Thumb Code    40  shtp.o(i.shtp_send)
    shtp_service                             0x08006389   Thumb Code    74  shtp.o(i.shtp_service)
    shtp_setEventCallback                    0x080063d9   Thumb Code     6  shtp.o(i.shtp_setEventCallback)
    sqrtf                                    0x080063df   Thumb Code    44  sqrtf.o(i.sqrtf)
    vApp_CAN_Configuration                   0x080065f9   Thumb Code    76  can_hal.o(i.vApp_CAN_Configuration)
    vApp_CAN_Filter_Init                     0x08006679   Thumb Code    38  can_hal.o(i.vApp_CAN_Filter_Init)
    vApp_CAN_TxHeader_Init                   0x080066a5   Thumb Code    16  can_hal.o(i.vApp_CAN_TxHeader_Init)
    vApp_CAN_TxMessage                       0x080066b5   Thumb Code    36  can_hal.o(i.vApp_CAN_TxMessage)
    AHBPrescTable                            0x0800670e   Data          16  system_stm32f1xx.o(.constdata)
    APBPrescTable                            0x0800671e   Data           8  system_stm32f1xx.o(.constdata)
    getProdIdOp                              0x0800672c   Data          12  sh2.o(.constdata)
    getSensorConfigOp                        0x08006738   Data          12  sh2.o(.constdata)
    setSensorConfigOp                        0x08006744   Data          12  sh2.o(.constdata)
    getFrsOp                                 0x08006750   Data          12  sh2.o(.constdata)
    setFrsOp                                 0x080067dc   Data          12  sh2.o(.constdata)
    getErrorsOp                              0x080067e8   Data          12  sh2.o(.constdata)
    getCountsOp                              0x080067f4   Data          12  sh2.o(.constdata)
    sendCmdOp                                0x08006800   Data          12  sh2.o(.constdata)
    reinitOp                                 0x0800680c   Data          12  sh2.o(.constdata)
    saveDcdNowOp                             0x08006818   Data          12  sh2.o(.constdata)
    getOscTypeOp                             0x08006824   Data          12  sh2.o(.constdata)
    setCalConfigOp                           0x08006830   Data          12  sh2.o(.constdata)
    getCalConfigOp                           0x0800683c   Data          12  sh2.o(.constdata)
    forceFlushOp                             0x08006848   Data          12  sh2.o(.constdata)
    startCalOp                               0x08006854   Data          12  sh2.o(.constdata)
    finishCalOp                              0x08006860   Data          12  sh2.o(.constdata)
    Region$$Table$$Base                      0x08006910   Number         0  anon$$obj.o(Region$$Table)
    Region$$Table$$Limit                     0x08006930   Number         0  anon$$obj.o(Region$$Table)
    can_send_flag                            0x20000000   Data           1  main.o(.data)
    can_send_count                           0x20000002   Data           2  main.o(.data)
    uwTickFreq                               0x20000004   Data           1  stm32f1xx_hal.o(.data)
    uwTickPrio                               0x20000008   Data           4  stm32f1xx_hal.o(.data)
    uwTick                                   0x2000000c   Data           4  stm32f1xx_hal.o(.data)
    SystemCoreClock                          0x20000010   Data           4  system_stm32f1xx.o(.data)
    i2cBusState                              0x20000015   Data           1  i2c_hal.o(.data)
    rxTimestamp_uS                           0x20000020   Data           4  i2c_hal.o(.data)
    BNO080_Roll                              0x20000028   Data           4  quaternion.o(.data)
    BNO080_Pitch                             0x2000002c   Data           4  quaternion.o(.data)
    BNO080_Yaw                               0x20000030   Data           4  quaternion.o(.data)
    can_send_set_value                       0x20000034   Data           2  can_hal.o(.data)
    master_id                                0x20000038   Data           4  can_hal.o(.data)
    slave_id                                 0x2000003c   Data           4  can_hal.o(.data)
    resetOccurred                            0x20000040   Data           1  bno085_app.o(.data)
    pSh2Hal                                  0x20000044   Data           4  bno085_app.o(.data)
    IMU_data                                 0x2000004c   Data           8  bno085_app.o(.data)
    __stdout                                 0x20000060   Data           4  stdout.o(.data)
    hi2c1                                    0x20000068   Data          84  i2c.o(.bss)
    htim1                                    0x200000bc   Data          64  tim.o(.bss)
    huart1                                   0x200000fc   Data          64  usart.o(.bss)
    htim2                                    0x2000013c   Data          64  stm32f1xx_hal_timebase_tim.o(.bss)
    hcan                                     0x2000017c   Data          40  can.o(.bss)
    hCAN1_TxHeader                           0x20000438   Data          24  can_hal.o(.bss)
    hCAN1_RxHeader                           0x20000450   Data          28  can_hal.o(.bss)
    hCAN1_Filter                             0x2000046c   Data          40  can_hal.o(.bss)
    prodIds                                  0x200004a8   Data          84  bno085_app.o(.bss)
    q                                        0x200004fc   Data          16  bno085_app.o(.bss)
    _sh2                                     0x2000050c   Data         508  sh2.o(.bss)
    __initial_sp                             0x20001358   Data           0  startup_stm32f103xb.o(STACK)



==============================================================================

Memory Map of the image

  Image Entry point : 0x080000ed

  Load Region LR_IROM1 (Base: 0x08000000, Size: 0x00006998, Max: 0x00010000, ABSOLUTE)

    Execution Region ER_IROM1 (Base: 0x08000000, Size: 0x00006930, Max: 0x00010000, ABSOLUTE)

    Base Addr    Size         Type   Attr      Idx    E Section Name        Object

    0x08000000   0x000000ec   Data   RO            3    RESET               startup_stm32f103xb.o
    0x080000ec   0x00000000   Code   RO         4520  * .ARM.Collect$$$$00000000  mc_w.l(entry.o)
    0x080000ec   0x00000004   Code   RO         4844    .ARM.Collect$$$$00000001  mc_w.l(entry2.o)
    0x080000f0   0x00000004   Code   RO         4847    .ARM.Collect$$$$00000004  mc_w.l(entry5.o)
    0x080000f4   0x00000000   Code   RO         4849    .ARM.Collect$$$$00000008  mc_w.l(entry7b.o)
    0x080000f4   0x00000000   Code   RO         4851    .ARM.Collect$$$$0000000A  mc_w.l(entry8b.o)
    0x080000f4   0x00000008   Code   RO         4852    .ARM.Collect$$$$0000000B  mc_w.l(entry9a.o)
    0x080000fc   0x00000000   Code   RO         4854    .ARM.Collect$$$$0000000D  mc_w.l(entry10a.o)
    0x080000fc   0x00000000   Code   RO         4856    .ARM.Collect$$$$0000000F  mc_w.l(entry11a.o)
    0x080000fc   0x00000004   Code   RO         4845    .ARM.Collect$$$$00002712  mc_w.l(entry2.o)
    0x08000100   0x00000024   Code   RO            4    .text               startup_stm32f103xb.o
    0x08000124   0x00000020   Code   RO         4523    .text               mc_w.l(llushr.o)
    0x08000144   0x00000024   Code   RO         4525    .text               mc_w.l(memcpya.o)
    0x08000168   0x00000024   Code   RO         4527    .text               mc_w.l(memseta.o)
    0x0800018c   0x0000000e   Code   RO         4529    .text               mc_w.l(strlen.o)
    0x0800019a   0x0000001c   Code   RO         4531    .text               mc_w.l(strcmp.o)
    0x080001b6   0x00000012   Code   RO         4533    .text               mc_w.l(strcpy.o)
    0x080001c8   0x000000b0   Code   RO         4798    .text               mf_w.l(fadd.o)
    0x08000278   0x00000064   Code   RO         4800    .text               mf_w.l(fmul.o)
    0x080002dc   0x00000018   Code   RO         4802    .text               mf_w.l(fscalb.o)
    0x080002f4   0x000000de   Code   RO         4804    .text               mf_w.l(ddiv.o)
    0x080003d2   0x00000012   Code   RO         4808    .text               mf_w.l(fflti.o)
    0x080003e4   0x00000018   Code   RO         4810    .text               mf_w.l(dfltul.o)
    0x080003fc   0x00000032   Code   RO         4812    .text               mf_w.l(ffixi.o)
    0x0800042e   0x00000026   Code   RO         4816    .text               mf_w.l(f2d.o)
    0x08000454   0x00000038   Code   RO         4818    .text               mf_w.l(d2f.o)
    0x0800048c   0x0000002c   Code   RO         4859    .text               mc_w.l(uidiv.o)
    0x080004b8   0x00000062   Code   RO         4861    .text               mc_w.l(uldiv.o)
    0x0800051a   0x00000000   Code   RO         4870    .text               mc_w.l(iusefp.o)
    0x0800051a   0x0000006e   Code   RO         4871    .text               mf_w.l(fepilogue.o)
    0x08000588   0x0000007c   Code   RO         4873    .text               mf_w.l(fdiv.o)
    0x08000604   0x000000ba   Code   RO         4875    .text               mf_w.l(depilogue.o)
    0x080006be   0x0000014e   Code   RO         4877    .text               mf_w.l(dadd.o)
    0x0800080c   0x000000e4   Code   RO         4879    .text               mf_w.l(dmul.o)
    0x080008f0   0x00000030   Code   RO         4881    .text               mf_w.l(dfixul.o)
    0x08000920   0x00000030   Code   RO         4883    .text               mf_w.l(cdrcmple.o)
    0x08000950   0x00000024   Code   RO         4885    .text               mc_w.l(init.o)
    0x08000974   0x0000001e   Code   RO         4887    .text               mc_w.l(llshl.o)
    0x08000992   0x00000024   Code   RO         4889    .text               mc_w.l(llsshr.o)
    0x080009b6   0x0000005e   Code   RO         4891    .text               mf_w.l(fsqrt.o)
    0x08000a14   0x0000007c   Code   RO         3737    i.BNO085_init       bno085_app.o
    0x08000a90   0x0000001c   Code   RO         3738    i.BNO085_service    bno085_app.o
    0x08000aac   0x00000002   Code   RO          368    i.BusFault_Handler  stm32f1xx_it.o
    0x08000aae   0x00000002   Code   RO          369    i.DebugMon_Handler  stm32f1xx_it.o
    0x08000ab0   0x00000006   Code   RO          370    i.EXTI4_IRQHandler  stm32f1xx_it.o
    0x08000ab6   0x00000002   Code   RO           13    i.Error_Handler     main.o
    0x08000ab8   0x00000024   Code   RO         3267    i.HAL_CAN_ActivateNotification  stm32f1xx_hal_can.o
    0x08000adc   0x000000c8   Code   RO         3268    i.HAL_CAN_AddTxMessage  stm32f1xx_hal_can.o
    0x08000ba4   0x000000ee   Code   RO         3269    i.HAL_CAN_ConfigFilter  stm32f1xx_hal_can.o
    0x08000c92   0x00000002   Code   RO         3272    i.HAL_CAN_ErrorCallback  stm32f1xx_hal_can.o
    0x08000c94   0x000000e8   Code   RO         3275    i.HAL_CAN_GetRxMessage  stm32f1xx_hal_can.o
    0x08000d7c   0x000001fc   Code   RO         3279    i.HAL_CAN_IRQHandler  stm32f1xx_hal_can.o
    0x08000f78   0x0000011a   Code   RO         3280    i.HAL_CAN_Init      stm32f1xx_hal_can.o
    0x08001092   0x00000002   PAD
    0x08001094   0x0000007c   Code   RO          538    i.HAL_CAN_MspInit   can.o
    0x08001110   0x00000002   Code   RO         3287    i.HAL_CAN_RxFifo0FullCallback  stm32f1xx_hal_can.o
    0x08001112   0x00000002   PAD
    0x08001114   0x0000004c   Code   RO         3671    i.HAL_CAN_RxFifo0MsgPendingCallback  can_hal.o
    0x08001160   0x00000002   Code   RO         3289    i.HAL_CAN_RxFifo1FullCallback  stm32f1xx_hal_can.o
    0x08001162   0x00000002   Code   RO         3290    i.HAL_CAN_RxFifo1MsgPendingCallback  stm32f1xx_hal_can.o
    0x08001164   0x00000002   Code   RO         3291    i.HAL_CAN_SleepCallback  stm32f1xx_hal_can.o
    0x08001166   0x00000002   PAD
    0x08001168   0x00000058   Code   RO         3292    i.HAL_CAN_Start     stm32f1xx_hal_can.o
    0x080011c0   0x00000002   Code   RO         3294    i.HAL_CAN_TxMailbox0AbortCallback  stm32f1xx_hal_can.o
    0x080011c2   0x00000002   Code   RO         3295    i.HAL_CAN_TxMailbox0CompleteCallback  stm32f1xx_hal_can.o
    0x080011c4   0x00000002   Code   RO         3296    i.HAL_CAN_TxMailbox1AbortCallback  stm32f1xx_hal_can.o
    0x080011c6   0x00000002   Code   RO         3297    i.HAL_CAN_TxMailbox1CompleteCallback  stm32f1xx_hal_can.o
    0x080011c8   0x00000002   Code   RO         3298    i.HAL_CAN_TxMailbox2AbortCallback  stm32f1xx_hal_can.o
    0x080011ca   0x00000002   Code   RO         3299    i.HAL_CAN_TxMailbox2CompleteCallback  stm32f1xx_hal_can.o
    0x080011cc   0x00000002   Code   RO         3301    i.HAL_CAN_WakeUpFromRxMsgCallback  stm32f1xx_hal_can.o
    0x080011ce   0x00000002   PAD
    0x080011d0   0x00000098   Code   RO         2671    i.HAL_DMA_Abort_IT  stm32f1xx_hal_dma.o
    0x08001268   0x00000006   Code   RO         2674    i.HAL_DMA_GetState  stm32f1xx_hal_dma.o
    0x0800126e   0x00000002   PAD
    0x08001270   0x000000fc   Code   RO         2603    i.HAL_GPIO_DeInit   stm32f1xx_hal_gpio.o
    0x0800136c   0x00000058   Code   RO         3538    i.HAL_GPIO_EXTI_Callback  i2c_hal.o
    0x080013c4   0x00000018   Code   RO         2605    i.HAL_GPIO_EXTI_IRQHandler  stm32f1xx_hal_gpio.o
    0x080013dc   0x000001e0   Code   RO         2606    i.HAL_GPIO_Init     stm32f1xx_hal_gpio.o
    0x080015bc   0x0000000a   Code   RO         2610    i.HAL_GPIO_WritePin  stm32f1xx_hal_gpio.o
    0x080015c6   0x00000002   PAD
    0x080015c8   0x0000000c   Code   RO         2302    i.HAL_GetTick       stm32f1xx_hal.o
    0x080015d4   0x00000002   Code   RO          615    i.HAL_I2C_AbortCpltCallback  stm32f1xx_hal_i2c.o
    0x080015d6   0x00000002   Code   RO          616    i.HAL_I2C_AddrCallback  stm32f1xx_hal_i2c.o
    0x080015d8   0x000000c4   Code   RO          619    i.HAL_I2C_ER_IRQHandler  stm32f1xx_hal_i2c.o
    0x0800169c   0x0000025a   Code   RO          620    i.HAL_I2C_EV_IRQHandler  stm32f1xx_hal_i2c.o
    0x080018f6   0x00000002   Code   RO          622    i.HAL_I2C_ErrorCallback  stm32f1xx_hal_i2c.o
    0x080018f8   0x00000174   Code   RO          626    i.HAL_I2C_Init      stm32f1xx_hal_i2c.o
    0x08001a6c   0x00000002   Code   RO          628    i.HAL_I2C_ListenCpltCallback  stm32f1xx_hal_i2c.o
    0x08001a6e   0x00000002   PAD
    0x08001a70   0x00000048   Code   RO         3539    i.HAL_I2C_MasterRxCpltCallback  i2c_hal.o
    0x08001ab8   0x00000018   Code   RO         3540    i.HAL_I2C_MasterTxCpltCallback  i2c_hal.o
    0x08001ad0   0x000000c8   Code   RO          634    i.HAL_I2C_Master_Receive_IT  stm32f1xx_hal_i2c.o
    0x08001b98   0x000000bc   Code   RO          641    i.HAL_I2C_Master_Transmit_IT  stm32f1xx_hal_i2c.o
    0x08001c54   0x00000002   Code   RO          642    i.HAL_I2C_MemRxCpltCallback  stm32f1xx_hal_i2c.o
    0x08001c56   0x00000002   Code   RO          643    i.HAL_I2C_MemTxCpltCallback  stm32f1xx_hal_i2c.o
    0x08001c58   0x0000003c   Code   RO          242    i.HAL_I2C_MspDeInit  i2c.o
    0x08001c94   0x0000007c   Code   RO          243    i.HAL_I2C_MspInit   i2c.o
    0x08001d10   0x00000002   Code   RO          652    i.HAL_I2C_SlaveRxCpltCallback  stm32f1xx_hal_i2c.o
    0x08001d12   0x00000002   Code   RO          653    i.HAL_I2C_SlaveTxCpltCallback  stm32f1xx_hal_i2c.o
    0x08001d14   0x00000010   Code   RO         2308    i.HAL_IncTick       stm32f1xx_hal.o
    0x08001d24   0x00000024   Code   RO         2309    i.HAL_Init          stm32f1xx_hal.o
    0x08001d48   0x00000074   Code   RO          498    i.HAL_InitTick      stm32f1xx_hal_timebase_tim.o
    0x08001dbc   0x0000003c   Code   RO          474    i.HAL_MspInit       stm32f1xx_hal_msp.o
    0x08001df8   0x00000022   Code   RO         2765    i.HAL_NVIC_DisableIRQ  stm32f1xx_hal_cortex.o
    0x08001e1a   0x0000001a   Code   RO         2766    i.HAL_NVIC_EnableIRQ  stm32f1xx_hal_cortex.o
    0x08001e34   0x00000040   Code   RO         2772    i.HAL_NVIC_SetPriority  stm32f1xx_hal_cortex.o
    0x08001e74   0x00000024   Code   RO         2773    i.HAL_NVIC_SetPriorityGrouping  stm32f1xx_hal_cortex.o
    0x08001e98   0x0000012c   Code   RO         2466    i.HAL_RCC_ClockConfig  stm32f1xx_hal_rcc.o
    0x08001fc4   0x00000040   Code   RO         2470    i.HAL_RCC_GetClockConfig  stm32f1xx_hal_rcc.o
    0x08002004   0x00000020   Code   RO         2473    i.HAL_RCC_GetPCLK1Freq  stm32f1xx_hal_rcc.o
    0x08002024   0x00000020   Code   RO         2474    i.HAL_RCC_GetPCLK2Freq  stm32f1xx_hal_rcc.o
    0x08002044   0x0000006c   Code   RO         2475    i.HAL_RCC_GetSysClockFreq  stm32f1xx_hal_rcc.o
    0x080020b0   0x00000320   Code   RO         2478    i.HAL_RCC_OscConfig  stm32f1xx_hal_rcc.o
    0x080023d0   0x00000002   Code   RO         1714    i.HAL_TIMEx_BreakCallback  stm32f1xx_hal_tim_ex.o
    0x080023d2   0x00000002   Code   RO         1715    i.HAL_TIMEx_CommutCallback  stm32f1xx_hal_tim_ex.o
    0x080023d4   0x00000042   Code   RO         1732    i.HAL_TIMEx_MasterConfigSynchronization  stm32f1xx_hal_tim_ex.o
    0x08002416   0x00000036   Code   RO         1039    i.HAL_TIM_Base_Init  stm32f1xx_hal_tim.o
    0x0800244c   0x0000001c   Code   RO          284    i.HAL_TIM_Base_MspDeInit  tim.o
    0x08002468   0x00000028   Code   RO          285    i.HAL_TIM_Base_MspInit  tim.o
    0x08002490   0x00000024   Code   RO         1042    i.HAL_TIM_Base_Start  stm32f1xx_hal_tim.o
    0x080024b4   0x00000022   Code   RO         1044    i.HAL_TIM_Base_Start_IT  stm32f1xx_hal_tim.o
    0x080024d6   0x000000d6   Code   RO         1048    i.HAL_TIM_ConfigClockSource  stm32f1xx_hal_tim.o
    0x080025ac   0x00000002   Code   RO         1068    i.HAL_TIM_IC_CaptureCallback  stm32f1xx_hal_tim.o
    0x080025ae   0x00000166   Code   RO         1082    i.HAL_TIM_IRQHandler  stm32f1xx_hal_tim.o
    0x08002714   0x00000002   Code   RO         1085    i.HAL_TIM_OC_DelayElapsedCallback  stm32f1xx_hal_tim.o
    0x08002716   0x00000002   Code   RO         1112    i.HAL_TIM_PWM_PulseFinishedCallback  stm32f1xx_hal_tim.o
    0x08002718   0x00000030   Code   RO           14    i.HAL_TIM_PeriodElapsedCallback  main.o
    0x08002748   0x00000002   Code   RO         1125    i.HAL_TIM_TriggerCallback  stm32f1xx_hal_tim.o
    0x0800274a   0x00000062   Code   RO         1990    i.HAL_UART_Init     stm32f1xx_hal_uart.o
    0x080027ac   0x00000070   Code   RO          327    i.HAL_UART_MspInit  usart.o
    0x0800281c   0x000000ba   Code   RO         1998    i.HAL_UART_Transmit  stm32f1xx_hal_uart.o
    0x080028d6   0x00000002   Code   RO          371    i.HardFault_Handler  stm32f1xx_it.o
    0x080028d8   0x0000000c   Code   RO          372    i.I2C1_ER_IRQHandler  stm32f1xx_it.o
    0x080028e4   0x0000000c   Code   RO          373    i.I2C1_EV_IRQHandler  stm32f1xx_it.o
    0x080028f0   0x0000007e   Code   RO          664    i.I2C_DMAAbort      stm32f1xx_hal_i2c.o
    0x0800296e   0x00000002   PAD
    0x08002970   0x00000140   Code   RO          667    i.I2C_ITError       stm32f1xx_hal_i2c.o
    0x08002ab0   0x000000d2   Code   RO          669    i.I2C_MasterReceive_BTF  stm32f1xx_hal_i2c.o
    0x08002b82   0x00000092   Code   RO          670    i.I2C_MasterReceive_RXNE  stm32f1xx_hal_i2c.o
    0x08002c14   0x00000082   Code   RO          673    i.I2C_MasterTransmit_BTF  stm32f1xx_hal_i2c.o
    0x08002c96   0x00000002   PAD
    0x08002c98   0x00000104   Code   RO          674    i.I2C_MasterTransmit_TXE  stm32f1xx_hal_i2c.o
    0x08002d9c   0x00000158   Code   RO          675    i.I2C_Master_ADDR   stm32f1xx_hal_i2c.o
    0x08002ef4   0x0000008e   Code   RO          676    i.I2C_Master_SB     stm32f1xx_hal_i2c.o
    0x08002f82   0x00000002   PAD
    0x08002f84   0x00000084   Code   RO          679    i.I2C_Slave_AF      stm32f1xx_hal_i2c.o
    0x08003008   0x0000015c   Code   RO          680    i.I2C_Slave_STOPF   stm32f1xx_hal_i2c.o
    0x08003164   0x00000044   Code   RO          539    i.MX_CAN_Init       can.o
    0x080031a8   0x000000d8   Code   RO          218    i.MX_GPIO_Init      gpio.o
    0x08003280   0x00000040   Code   RO          244    i.MX_I2C1_Init      i2c.o
    0x080032c0   0x0000006c   Code   RO          286    i.MX_TIM1_Init      tim.o
    0x0800332c   0x00000038   Code   RO          328    i.MX_USART1_UART_Init  usart.o
    0x08003364   0x00000002   Code   RO          374    i.MemManage_Handler  stm32f1xx_it.o
    0x08003366   0x00000002   Code   RO          375    i.NMI_Handler       stm32f1xx_it.o
    0x08003368   0x00000002   Code   RO          376    i.PendSV_Handler    stm32f1xx_it.o
    0x0800336a   0x00000002   PAD
    0x0800336c   0x000001a0   Code   RO         3635    i.Quaternion_Update  quaternion.o
    0x0800350c   0x00000002   Code   RO          377    i.SVC_Handler       stm32f1xx_it.o
    0x0800350e   0x00000002   Code   RO          378    i.SysTick_Handler   stm32f1xx_it.o
    0x08003510   0x0000004e   Code   RO           15    i.SystemClock_Config  main.o
    0x0800355e   0x00000002   PAD
    0x08003560   0x00000048   Code   RO         3501    i.SystemInit        system_stm32f1xx.o
    0x080035a8   0x0000000c   Code   RO          379    i.TIM2_IRQHandler   stm32f1xx_it.o
    0x080035b4   0x0000006c   Code   RO         1127    i.TIM_Base_SetConfig  stm32f1xx_hal_tim.o
    0x08003620   0x00000014   Code   RO         1138    i.TIM_ETR_SetConfig  stm32f1xx_hal_tim.o
    0x08003634   0x00000010   Code   RO         1139    i.TIM_ITRx_SetConfig  stm32f1xx_hal_tim.o
    0x08003644   0x00000022   Code   RO         1145    i.TIM_TI1_ConfigInputStage  stm32f1xx_hal_tim.o
    0x08003666   0x00000024   Code   RO         1147    i.TIM_TI2_ConfigInputStage  stm32f1xx_hal_tim.o
    0x0800368a   0x00000002   PAD
    0x0800368c   0x000000b8   Code   RO         2016    i.UART_SetConfig    stm32f1xx_hal_uart.o
    0x08003744   0x00000064   Code   RO         2018    i.UART_WaitOnFlagUntilTimeout  stm32f1xx_hal_uart.o
    0x080037a8   0x0000000c   Code   RO          380    i.USB_LP_CAN1_RX0_IRQHandler  stm32f1xx_it.o
    0x080037b4   0x00000014   Code   RO         3672    i.USER_CAN_TxMessage  can_hal.o
    0x080037c8   0x00000028   Code   RO         3673    i.USER_CAN_init     can_hal.o
    0x080037f0   0x00000002   Code   RO          381    i.UsageFault_Handler  stm32f1xx_it.o
    0x080037f2   0x00000002   PAD
    0x080037f4   0x00000020   Code   RO         4770    i.__0printf         mc_w.l(printfa.o)
    0x08003814   0x00000026   Code   RO         4820    i.__ARM_fpclassifyf  m_ws.l(fpclassifyf.o)
    0x0800383a   0x00000020   Code   RO         2779    i.__NVIC_SetPriority  stm32f1xx_hal_cortex.o
    0x0800385a   0x00000006   Code   RO         4823    i.__mathlib_flt_infnan  m_ws.l(funder.o)
    0x08003860   0x00000004   Code   RO         4824    i.__mathlib_flt_infnan2  m_ws.l(funder.o)
    0x08003864   0x00000008   Code   RO         4825    i.__mathlib_flt_invalid  m_ws.l(funder.o)
    0x0800386c   0x0000000a   Code   RO         4828    i.__mathlib_flt_underflow  m_ws.l(funder.o)
    0x08003876   0x0000000e   Code   RO         4895    i.__scatterload_copy  mc_w.l(handlers.o)
    0x08003884   0x00000002   Code   RO         4896    i.__scatterload_null  mc_w.l(handlers.o)
    0x08003886   0x0000000e   Code   RO         4897    i.__scatterload_zeroinit  mc_w.l(handlers.o)
    0x08003894   0x0000000c   Code   RO         4865    i.__set_errno       mc_w.l(errno.o)
    0x080038a0   0x00000164   Code   RO         4777    i._fp_digits        mc_w.l(printfa.o)
    0x08003a04   0x000006dc   Code   RO         4778    i._printf_core      mc_w.l(printfa.o)
    0x080040e0   0x00000024   Code   RO         4779    i._printf_post_padding  mc_w.l(printfa.o)
    0x08004104   0x0000002e   Code   RO         4780    i._printf_pre_padding  mc_w.l(printfa.o)
    0x08004132   0x00000002   PAD
    0x08004134   0x00000048   Code   RO         4401    i.addApp            shtp.o
    0x0800417c   0x00000040   Code   RO         4402    i.addChannel        shtp.o
    0x080041bc   0x00000124   Code   RO         4505    i.asinf             m_ws.l(asinf.o)
    0x080042e0   0x0000025c   Code   RO         4513    i.atan2f            m_ws.l(atan2f.o)
    0x0800453c   0x00000010   Code   RO         3541    i.bootn             i2c_hal.o
    0x0800454c   0x00000042   Code   RO         4403    i.callAdvertHandler  shtp.o
    0x0800458e   0x00000002   PAD
    0x08004590   0x00000054   Code   RO         3739    i.change_to_int16   bno085_app.o
    0x080045e4   0x0000005e   Code   RO         4268    i.decodeArvrStabilizedGRV  sh2_sensorvalue.o
    0x08004642   0x00000072   Code   RO         4269    i.decodeArvrStabilizedRV  sh2_sensorvalue.o
    0x080046b4   0x0000005e   Code   RO         4270    i.decodeGameRotationVector  sh2_sensorvalue.o
    0x08004712   0x00000072   Code   RO         4271    i.decodeGeomagneticRotationVector  sh2_sensorvalue.o
    0x08004784   0x0000009c   Code   RO         4272    i.decodeGyroIntegratedRV  sh2_sensorvalue.o
    0x08004820   0x00000086   Code   RO         4273    i.decodeGyroscopeUncal  sh2_sensorvalue.o
    0x080048a6   0x00000086   Code   RO         4274    i.decodeMagneticFieldUncal  sh2_sensorvalue.o
    0x0800492c   0x00000072   Code   RO         4275    i.decodeRotationVector  sh2_sensorvalue.o
    0x0800499e   0x00000018   Code   RO         3542    i.disableInts       i2c_hal.o
    0x080049b6   0x00000018   Code   RO         3543    i.enableInts        i2c_hal.o
    0x080049ce   0x00000002   PAD
    0x080049d0   0x00000014   Code   RO         3740    i.eventHandler      bno085_app.o
    0x080049e4   0x00000002   Code   RO         3815    i.executableAdvertHdlr  sh2.o
    0x080049e6   0x00000002   PAD
    0x080049e8   0x00000034   Code   RO         3816    i.executableDeviceHdlr  sh2.o
    0x08004a1c   0x0000001e   Code   RO         3817    i.finishCalRx       sh2.o
    0x08004a3a   0x00000008   Code   RO         3818    i.finishCalStart    sh2.o
    0x08004a42   0x0000001c   Code   RO         3819    i.forceFlushRx      sh2.o
    0x08004a5e   0x00000022   Code   RO         3820    i.forceFlushStart   sh2.o
    0x08004a80   0x00000018   Code   RO           16    i.fputc             main.o
    0x08004a98   0x00000046   Code   RO         3821    i.getCalConfigRx    sh2.o
    0x08004ade   0x0000001a   Code   RO         3822    i.getCalConfigStart  sh2.o
    0x08004af8   0x00000058   Code   RO         3823    i.getCountsRx       sh2.o
    0x08004b50   0x00000020   Code   RO         3824    i.getCountsStart    sh2.o
    0x08004b70   0x00000082   Code   RO         3825    i.getErrorsRx       sh2.o
    0x08004bf2   0x00000010   Code   RO         3826    i.getErrorsStart    sh2.o
    0x08004c02   0x000000b6   Code   RO         3827    i.getFrsRx          sh2.o
    0x08004cb8   0x00000030   Code   RO         3828    i.getFrsStart       sh2.o
    0x08004ce8   0x00000022   Code   RO         3829    i.getOscTypeRx      sh2.o
    0x08004d0a   0x00000006   Code   RO         3830    i.getOscTypeStart   sh2.o
    0x08004d10   0x00000084   Code   RO         3831    i.getProdIdRx       sh2.o
    0x08004d94   0x00000020   Code   RO         3832    i.getProdIdStart    sh2.o
    0x08004db4   0x00000020   Code   RO         3833    i.getReportLen      sh2.o
    0x08004dd4   0x00000058   Code   RO         3834    i.getSensorConfigRx  sh2.o
    0x08004e2c   0x0000001e   Code   RO         3835    i.getSensorConfigStart  sh2.o
    0x08004e4a   0x00000002   PAD
    0x08004e4c   0x00000034   Code   RO         3636    i.invSqrt           quaternion.o
    0x08004e80   0x00000048   Code   RO           17    i.main              main.o
    0x08004ec8   0x00000070   Code   RO         3836    i.opProcess         sh2.o
    0x08004f38   0x00000012   Code   RO         3837    i.opRx              sh2.o
    0x08004f4a   0x00000002   PAD
    0x08004f4c   0x000003ec   Code   RO         3741    i.printEvent        bno085_app.o
    0x08005338   0x00000198   Code   RO         4404    i.processAdvertisement  shtp.o
    0x080054d0   0x00000006   Code   RO         4323    i.read16            sh2_util.o
    0x080054d6   0x0000000a   Code   RO         4324    i.read32            sh2_util.o
    0x080054e0   0x00000004   Code   RO         4326    i.readu16           sh2_util.o
    0x080054e4   0x0000000a   Code   RO         4327    i.readu32           sh2_util.o
    0x080054ee   0x00000004   Code   RO         4328    i.readu8            sh2_util.o
    0x080054f2   0x0000001e   Code   RO         3838    i.reinitRx          sh2.o
    0x08005510   0x00000008   Code   RO         3839    i.reinitStart       sh2.o
    0x08005518   0x000000c0   Code   RO         3742    i.reportProdIds     bno085_app.o
    0x080055d8   0x00000010   Code   RO         3544    i.rstn              i2c_hal.o
    0x080055e8   0x0000012c   Code   RO         4405    i.rxAssemble        shtp.o
    0x08005714   0x0000001e   Code   RO         3840    i.saveDcdNowRx      sh2.o
    0x08005732   0x00000006   Code   RO         3841    i.saveDcdNowStart   sh2.o
    0x08005738   0x00000044   Code   RO         3842    i.sendCmd           sh2.o
    0x0800577c   0x00000012   Code   RO         3843    i.sendCmd0          sh2.o
    0x0800578e   0x00000016   Code   RO         3844    i.sendCmd1          sh2.o
    0x080057a4   0x00000018   Code   RO         3845    i.sendCmdStart      sh2.o
    0x080057bc   0x00000012   Code   RO         3846    i.sendCtrl          sh2.o
    0x080057ce   0x00000006   Code   RO         3743    i.sensorHandler     bno085_app.o
    0x080057d4   0x0000008c   Code   RO         3848    i.sensorhubAdvertHdlr  sh2.o
    0x08005860   0x000000bc   Code   RO         3849    i.sensorhubControlHdlr  sh2.o
    0x0800591c   0x00000054   Code   RO         3850    i.sensorhubInputGyroRvHdlr  sh2.o
    0x08005970   0x000000e4   Code   RO         3851    i.sensorhubInputHdlr  sh2.o
    0x08005a54   0x00000004   Code   RO         3852    i.sensorhubInputNormalHdlr  sh2.o
    0x08005a58   0x00000004   Code   RO         3853    i.sensorhubInputWakeHdlr  sh2.o
    0x08005a5c   0x0000001e   Code   RO         3854    i.setCalConfigRx    sh2.o
    0x08005a7a   0x00000040   Code   RO         3855    i.setCalConfigStart  sh2.o
    0x08005aba   0x0000007e   Code   RO         3856    i.setFrsRx          sh2.o
    0x08005b38   0x00000030   Code   RO         3857    i.setFrsStart       sh2.o
    0x08005b68   0x00000070   Code   RO         3858    i.setSensorConfigStart  sh2.o
    0x08005bd8   0x0000021a   Code   RO         4276    i.sh2_decodeSensorEvent  sh2_sensorvalue.o
    0x08005df2   0x00000002   PAD
    0x08005df4   0x00000024   Code   RO         3874    i.sh2_getProdIds    sh2.o
    0x08005e18   0x00000030   Code   RO         3545    i.sh2_hal_init      i2c_hal.o
    0x08005e48   0x00000034   Code   RO         3546    i.sh2_i2c_hal_close  i2c_hal.o
    0x08005e7c   0x00000004   Code   RO         3547    i.sh2_i2c_hal_getTimeUs  i2c_hal.o
    0x08005e80   0x00000084   Code   RO         3548    i.sh2_i2c_hal_open  i2c_hal.o
    0x08005f04   0x00000078   Code   RO         3549    i.sh2_i2c_hal_read  i2c_hal.o
    0x08005f7c   0x0000006c   Code   RO         3550    i.sh2_i2c_hal_write  i2c_hal.o
    0x08005fe8   0x00000130   Code   RO         3876    i.sh2_open          sh2.o
    0x08006118   0x0000000c   Code   RO         3880    i.sh2_service       sh2.o
    0x08006124   0x00000010   Code   RO         3886    i.sh2_setSensorCallback  sh2.o
    0x08006134   0x00000028   Code   RO         3887    i.sh2_setSensorConfig  sh2.o
    0x0800615c   0x00000024   Code   RO         4406    i.shtpAdvertHdlr    shtp.o
    0x08006180   0x00000014   Code   RO         4407    i.shtpCmdListener   shtp.o
    0x08006194   0x00000028   Code   RO         3890    i.shtpEventCallback  sh2.o
    0x080061bc   0x00000070   Code   RO         4408    i.shtp_chanNo       shtp.o
    0x0800622c   0x00000036   Code   RO         4410    i.shtp_listenAdvert  shtp.o
    0x08006262   0x00000066   Code   RO         4411    i.shtp_listenChan   shtp.o
    0x080062c8   0x00000098   Code   RO         4412    i.shtp_open         shtp.o
    0x08006360   0x00000028   Code   RO         4413    i.shtp_send         shtp.o
    0x08006388   0x00000050   Code   RO         4414    i.shtp_service      shtp.o
    0x080063d8   0x00000006   Code   RO         4415    i.shtp_setEventCallback  shtp.o
    0x080063de   0x0000002c   Code   RO         4837    i.sqrtf             m_ws.l(sqrtf.o)
    0x0800640a   0x00000016   Code   RO         3891    i.startCalRx        sh2.o
    0x08006420   0x0000003e   Code   RO         3892    i.startCalStart     sh2.o
    0x0800645e   0x00000002   PAD
    0x08006460   0x00000064   Code   RO         3744    i.startReports      bno085_app.o
    0x080064c4   0x0000000c   Code   RO         3551    i.timeNowUs         i2c_hal.o
    0x080064d0   0x000000a4   Code   RO         4416    i.txProcess         shtp.o
    0x08006574   0x00000084   Code   RO         4417    i.updateCallbacks   shtp.o
    0x080065f8   0x00000080   Code   RO         3674    i.vApp_CAN_Configuration  can_hal.o
    0x08006678   0x0000002c   Code   RO         3675    i.vApp_CAN_Filter_Init  can_hal.o
    0x080066a4   0x00000010   Code   RO         3676    i.vApp_CAN_TxHeader_Init  can_hal.o
    0x080066b4   0x00000038   Code   RO         3677    i.vApp_CAN_TxMessage  can_hal.o
    0x080066ec   0x00000022   Code   RO         3895    i.wrongResponse     sh2.o
    0x0800670e   0x00000010   Data   RO         3502    .constdata          system_stm32f1xx.o
    0x0800671e   0x00000008   Data   RO         3503    .constdata          system_stm32f1xx.o
    0x08006726   0x00000002   PAD
    0x08006728   0x00000004   Data   RO         3747    .constdata          bno085_app.o
    0x0800672c   0x00000140   Data   RO         3897    .constdata          sh2.o
    0x0800686c   0x00000002   Data   RO         4419    .constdata          shtp.o
    0x0800686e   0x00000002   PAD
    0x08006870   0x000000a0   Data   RO         3748    .conststring        bno085_app.o
    0x08006910   0x00000020   Data   RO         4893    Region$$Table       anon$$obj.o


    Execution Region RW_IRAM1 (Base: 0x20000000, Size: 0x00001358, Max: 0x00005000, ABSOLUTE)

    Base Addr    Size         Type   Attr      Idx    E Section Name        Object

    0x20000000   0x00000004   Data   RW           18    .data               main.o
    0x20000004   0x0000000c   Data   RW         2316    .data               stm32f1xx_hal.o
    0x20000010   0x00000004   Data   RW         3504    .data               system_stm32f1xx.o
    0x20000014   0x00000014   Data   RW         3553    .data               i2c_hal.o
    0x20000028   0x0000000c   Data   RW         3637    .data               quaternion.o
    0x20000034   0x0000000c   Data   RW         3679    .data               can_hal.o
    0x20000040   0x00000014   Data   RW         3749    .data               bno085_app.o
    0x20000054   0x00000008   Data   RW         3898    .data               sh2.o
    0x2000005c   0x00000001   Data   RW         4420    .data               shtp.o
    0x2000005d   0x00000003   PAD
    0x20000060   0x00000004   Data   RW         4858    .data               mc_w.l(stdout.o)
    0x20000064   0x00000004   Data   RW         4866    .data               mc_w.l(errno.o)
    0x20000068   0x00000054   Zero   RW          245    .bss                i2c.o
    0x200000bc   0x00000040   Zero   RW          287    .bss                tim.o
    0x200000fc   0x00000040   Zero   RW          329    .bss                usart.o
    0x2000013c   0x00000040   Zero   RW          501    .bss                stm32f1xx_hal_timebase_tim.o
    0x2000017c   0x00000028   Zero   RW          540    .bss                can.o
    0x200001a4   0x00000294   Zero   RW         3552    .bss                i2c_hal.o
    0x20000438   0x0000005c   Zero   RW         3678    .bss                can_hal.o
    0x20000494   0x00000078   Zero   RW         3745    .bss                bno085_app.o
    0x2000050c   0x00000218   Zero   RW         3896    .bss                sh2.o
    0x20000724   0x00000834   Zero   RW         4418    .bss                shtp.o
    0x20000f58   0x00000400   Zero   RW            1    STACK               startup_stm32f103xb.o


==============================================================================

Image component sizes


      Code (inc. data)   RO Data    RW Data    ZI Data      Debug   Object Name

      1558        532        164         20        120       5622   bno085_app.o
       192         20          0          0         40       1543   can.o
       380        114          0         12         92       4448   can_hal.o
       216         16          0          0          0        895   gpio.o
       248         40          0          0         84       2049   i2c.o
       740        114          0         20        660       8528   i2c_hal.o
       224         22          0          4          0     455507   main.o
       468         30          0         12          0       1484   quaternion.o
      3048        204        320          8        536      39416   sh2.o
      1492         44          0          0          0       8988   sh2_sensorvalue.o
        34          0          0          0          0       2519   sh2_util.o
      1808         40          2          1       2100      15863   shtp.o
        36          8        236          0       1024        784   startup_stm32f103xb.o
        64         14          0         12          0       4526   stm32f1xx_hal.o
      1608          0          0          0          0      13303   stm32f1xx_hal_can.o
       192         14          0          0          0      28748   stm32f1xx_hal_cortex.o
       158          4          0          0          0       1606   stm32f1xx_hal_dma.o
       766         64          0          0          0       4357   stm32f1xx_hal_gpio.o
      3732         62          0          0          0      20684   stm32f1xx_hal_i2c.o
        60          8          0          0          0        810   stm32f1xx_hal_msp.o
      1336        110          0          0          0       5701   stm32f1xx_hal_rcc.o
       918         14          0          0          0       9886   stm32f1xx_hal_tim.o
        70          0          0          0          0       2285   stm32f1xx_hal_tim_ex.o
       116         14          0          0         64       1347   stm32f1xx_hal_timebase_tim.o
       568          6          0          0          0       3836   stm32f1xx_hal_uart.o
        72         24          0          0          0       5694   stm32f1xx_it.o
        72         16         24          4          0       1103   system_stm32f1xx.o
       176         26          0          0         64       1983   tim.o
       168         20          0          0         64       1570   usart.o

    ----------------------------------------------------------------------
     20562       1580        782         96       4848     655085   Object Totals
         0          0         32          0          0          0   (incl. Generated)
        42          0          4          3          0          0   (incl. Padding)

    ----------------------------------------------------------------------

      Code (inc. data)   RO Data    RW Data    ZI Data      Debug   Library Member Name

       292         38          0          0          0        120   asinf.o
       604         76          0          0          0        116   atan2f.o
        38          0          0          0          0         68   fpclassifyf.o
        28          0          0          0          0        272   funder.o
        44          0          0          0          0         80   sqrtf.o
         0          0          0          0          0          0   entry.o
         0          0          0          0          0          0   entry10a.o
         0          0          0          0          0          0   entry11a.o
         8          4          0          0          0          0   entry2.o
         4          0          0          0          0          0   entry5.o
         0          0          0          0          0          0   entry7b.o
         0          0          0          0          0          0   entry8b.o
         8          4          0          0          0          0   entry9a.o
        12          6          0          4          0         68   errno.o
        30          0          0          0          0          0   handlers.o
        36          8          0          0          0         68   init.o
         0          0          0          0          0          0   iusefp.o
        30          0          0          0          0         68   llshl.o
        36          0          0          0          0         68   llsshr.o
        32          0          0          0          0         68   llushr.o
        36          0          0          0          0         68   memcpya.o
        36          0          0          0          0        108   memseta.o
      2226         90          0          0          0        444   printfa.o
         0          0          0          4          0          0   stdout.o
        28          0          0          0          0         76   strcmp.o
        18          0          0          0          0         68   strcpy.o
        14          0          0          0          0         68   strlen.o
        44          0          0          0          0         80   uidiv.o
        98          0          0          0          0         92   uldiv.o
        48          0          0          0          0         68   cdrcmple.o
        56          0          0          0          0         88   d2f.o
       334          0          0          0          0        148   dadd.o
       222          0          0          0          0        100   ddiv.o
       186          0          0          0          0        176   depilogue.o
        48          0          0          0          0         68   dfixul.o
        24          0          0          0          0         76   dfltul.o
       228          0          0          0          0         96   dmul.o
        38          0          0          0          0         68   f2d.o
       176          0          0          0          0        140   fadd.o
       124          0          0          0          0         88   fdiv.o
       110          0          0          0          0        168   fepilogue.o
        50          0          0          0          0         68   ffixi.o
        18          0          0          0          0         68   fflti.o
       100          0          0          0          0         76   fmul.o
        24          0          0          0          0         68   fscalb.o
        94          0          0          0          0         96   fsqrt.o

    ----------------------------------------------------------------------
      5584        226          0          8          0       3660   Library Totals
         2          0          0          0          0          0   (incl. Padding)

    ----------------------------------------------------------------------

      Code (inc. data)   RO Data    RW Data    ZI Data      Debug   Library Name

      1006        114          0          0          0        656   m_ws.l
      2696        112          0          8          0       1344   mc_w.l
      1880          0          0          0          0       1660   mf_w.l

    ----------------------------------------------------------------------
      5584        226          0          8          0       3660   Library Totals

    ----------------------------------------------------------------------

==============================================================================


      Code (inc. data)   RO Data    RW Data    ZI Data      Debug   

     26146       1806        782        104       4848     645117   Grand Totals
     26146       1806        782        104       4848     645117   ELF Image Totals
     26146       1806        782        104          0          0   ROM Totals

==============================================================================

    Total RO  Size (Code + RO Data)                26928 (  26.30kB)
    Total RW  Size (RW Data + ZI Data)              4952 (   4.84kB)
    Total ROM Size (Code + RO Data + RW Data)      27032 (  26.40kB)

==============================================================================

